Component: Arm Compiler for Embedded 6.24 Tool: armlink [5f371500]

==============================================================================

Section Cross References

    startup_stm32h750xx.o(RESET) refers to startup_stm32h750xx.o(STACK) for __initial_sp
    startup_stm32h750xx.o(RESET) refers to startup_stm32h750xx.o(.text) for Reset_Handler
    startup_stm32h750xx.o(RESET) refers to stm32h7xx_it.o(.text.NMI_Handler) for NMI_Handler
    startup_stm32h750xx.o(RESET) refers to stm32h7xx_it.o(.text.HardFault_Handler) for HardFault_Handler
    startup_stm32h750xx.o(RESET) refers to stm32h7xx_it.o(.text.MemManage_Handler) for MemManage_Handler
    startup_stm32h750xx.o(RESET) refers to stm32h7xx_it.o(.text.BusFault_Handler) for BusFault_Handler
    startup_stm32h750xx.o(RESET) refers to stm32h7xx_it.o(.text.UsageFault_Handler) for UsageFault_Handler
    startup_stm32h750xx.o(RESET) refers to stm32h7xx_it.o(.text.SVC_Handler) for SVC_Handler
    startup_stm32h750xx.o(RESET) refers to stm32h7xx_it.o(.text.DebugMon_Handler) for DebugMon_Handler
    startup_stm32h750xx.o(RESET) refers to stm32h7xx_it.o(.text.PendSV_Handler) for PendSV_Handler
    startup_stm32h750xx.o(RESET) refers to stm32h7xx_it.o(.text.SysTick_Handler) for SysTick_Handler
    startup_stm32h750xx.o(.text) refers to system_stm32h7xx.o(.text.ExitRun0Mode) for ExitRun0Mode
    startup_stm32h750xx.o(.text) refers to system_stm32h7xx.o(.text.SystemInit) for SystemInit
    startup_stm32h750xx.o(.text) refers to entry.o(.ARM.Collect$$$$00000000) for __main
    main.o(.text.main) refers to stm32h7xx_hal_cortex.o(.text.HAL_MPU_Disable) for HAL_MPU_Disable
    main.o(.text.main) refers to stm32h7xx_hal_cortex.o(.text.HAL_MPU_ConfigRegion) for HAL_MPU_ConfigRegion
    main.o(.text.main) refers to stm32h7xx_hal_cortex.o(.text.HAL_MPU_Enable) for HAL_MPU_Enable
    main.o(.text.main) refers to stm32h7xx_hal.o(.text.HAL_Init) for HAL_Init
    main.o(.text.main) refers to main.o(.text.SystemClock_Config) for SystemClock_Config
    main.o(.text.main) refers to gpio.o(.text.MX_GPIO_Init) for MX_GPIO_Init
    main.o(.ARM.exidx.text.main) refers to main.o(.text.main) for [Anonymous Symbol]
    main.o(.text.SystemClock_Config) refers to memseta.o(.text) for __aeabi_memclr4
    main.o(.text.SystemClock_Config) refers to stm32h7xx_hal_pwr_ex.o(.text.HAL_PWREx_ConfigSupply) for HAL_PWREx_ConfigSupply
    main.o(.text.SystemClock_Config) refers to stm32h7xx_hal_rcc.o(.text.HAL_RCC_OscConfig) for HAL_RCC_OscConfig
    main.o(.text.SystemClock_Config) refers to stm32h7xx_hal_rcc.o(.text.HAL_RCC_ClockConfig) for HAL_RCC_ClockConfig
    main.o(.ARM.exidx.text.SystemClock_Config) refers to main.o(.text.SystemClock_Config) for [Anonymous Symbol]
    main.o(.ARM.exidx.text.Error_Handler) refers to main.o(.text.Error_Handler) for [Anonymous Symbol]
    gpio.o(.ARM.exidx.text.MX_GPIO_Init) refers to gpio.o(.text.MX_GPIO_Init) for [Anonymous Symbol]
    stm32h7xx_it.o(.ARM.exidx.text.NMI_Handler) refers to stm32h7xx_it.o(.text.NMI_Handler) for [Anonymous Symbol]
    stm32h7xx_it.o(.ARM.exidx.text.HardFault_Handler) refers to stm32h7xx_it.o(.text.HardFault_Handler) for [Anonymous Symbol]
    stm32h7xx_it.o(.ARM.exidx.text.MemManage_Handler) refers to stm32h7xx_it.o(.text.MemManage_Handler) for [Anonymous Symbol]
    stm32h7xx_it.o(.ARM.exidx.text.BusFault_Handler) refers to stm32h7xx_it.o(.text.BusFault_Handler) for [Anonymous Symbol]
    stm32h7xx_it.o(.ARM.exidx.text.UsageFault_Handler) refers to stm32h7xx_it.o(.text.UsageFault_Handler) for [Anonymous Symbol]
    stm32h7xx_it.o(.ARM.exidx.text.SVC_Handler) refers to stm32h7xx_it.o(.text.SVC_Handler) for [Anonymous Symbol]
    stm32h7xx_it.o(.ARM.exidx.text.DebugMon_Handler) refers to stm32h7xx_it.o(.text.DebugMon_Handler) for [Anonymous Symbol]
    stm32h7xx_it.o(.ARM.exidx.text.PendSV_Handler) refers to stm32h7xx_it.o(.text.PendSV_Handler) for [Anonymous Symbol]
    stm32h7xx_it.o(.text.SysTick_Handler) refers to stm32h7xx_hal.o(.text.HAL_IncTick) for HAL_IncTick
    stm32h7xx_it.o(.ARM.exidx.text.SysTick_Handler) refers to stm32h7xx_it.o(.text.SysTick_Handler) for [Anonymous Symbol]
    stm32h7xx_hal_msp.o(.ARM.exidx.text.HAL_MspInit) refers to stm32h7xx_hal_msp.o(.text.HAL_MspInit) for [Anonymous Symbol]
    stm32h7xx_hal_cortex.o(.ARM.exidx.text.HAL_NVIC_SetPriorityGrouping) refers to stm32h7xx_hal_cortex.o(.text.HAL_NVIC_SetPriorityGrouping) for [Anonymous Symbol]
    stm32h7xx_hal_cortex.o(.ARM.exidx.text.HAL_NVIC_SetPriority) refers to stm32h7xx_hal_cortex.o(.text.HAL_NVIC_SetPriority) for [Anonymous Symbol]
    stm32h7xx_hal_cortex.o(.ARM.exidx.text.HAL_NVIC_EnableIRQ) refers to stm32h7xx_hal_cortex.o(.text.HAL_NVIC_EnableIRQ) for [Anonymous Symbol]
    stm32h7xx_hal_cortex.o(.ARM.exidx.text.HAL_NVIC_DisableIRQ) refers to stm32h7xx_hal_cortex.o(.text.HAL_NVIC_DisableIRQ) for [Anonymous Symbol]
[...]
    Removing supportfunctions.o(.text.arm_sort_init_f32), (6 bytes).
    Removing supportfunctions.o(.ARM.exidx.text.arm_sort_init_f32), (8 bytes).
    Removing supportfunctions.o(.text.arm_weighted_average_f32), (308 bytes).
    Removing supportfunctions.o(.ARM.exidx.text.arm_weighted_average_f32), (8 bytes).
    Removing supportfunctions.o(.text.arm_f64_to_float), (154 bytes).
    Removing supportfunctions.o(.ARM.exidx.text.arm_f64_to_float), (8 bytes).
    Removing supportfunctions.o(.text.arm_f64_to_q31), (216 bytes).
    Removing supportfunctions.o(.ARM.exidx.text.arm_f64_to_q31), (8 bytes).
    Removing supportfunctions.o(.text.arm_f64_to_q15), (256 bytes).
    Removing supportfunctions.o(.ARM.exidx.text.arm_f64_to_q15), (8 bytes).
    Removing supportfunctions.o(.text.arm_f64_to_q7), (256 bytes).
    Removing supportfunctions.o(.ARM.exidx.text.arm_f64_to_q7), (8 bytes).
    Removing supportfunctions.o(.text.arm_float_to_f64), (158 bytes).
    Removing supportfunctions.o(.ARM.exidx.text.arm_float_to_f64), (8 bytes).
    Removing supportfunctions.o(.text.arm_float_to_q15), (252 bytes).
    Removing supportfunctions.o(.ARM.exidx.text.arm_float_to_q15), (8 bytes).
    Removing supportfunctions.o(.text.arm_float_to_q31), (216 bytes).
    Removing supportfunctions.o(.ARM.exidx.text.arm_float_to_q31), (8 bytes).
    Removing supportfunctions.o(.text.arm_float_to_q7), (252 bytes).
    Removing supportfunctions.o(.ARM.exidx.text.arm_float_to_q7), (8 bytes).
    Removing supportfunctions.o(.text.arm_q15_to_f64), (256 bytes).
    Removing supportfunctions.o(.ARM.exidx.text.arm_q15_to_f64), (8 bytes).
    Removing supportfunctions.o(.text.arm_q15_to_float), (264 bytes).
    Removing supportfunctions.o(.ARM.exidx.text.arm_q15_to_float), (8 bytes).
    Removing supportfunctions.o(.text.arm_q15_to_q31), (158 bytes).
    Removing supportfunctions.o(.ARM.exidx.text.arm_q15_to_q31), (8 bytes).
    Removing supportfunctions.o(.text.arm_q15_to_q7), (116 bytes).
    Removing supportfunctions.o(.ARM.exidx.text.arm_q15_to_q7), (8 bytes).
    Removing supportfunctions.o(.text.arm_q31_to_f64), (240 bytes).
    Removing supportfunctions.o(.ARM.exidx.text.arm_q31_to_f64), (8 bytes).
    Removing supportfunctions.o(.text.arm_q31_to_float), (232 bytes).
    Removing supportfunctions.o(.ARM.exidx.text.arm_q31_to_float), (8 bytes).
    Removing supportfunctions.o(.text.arm_q31_to_q15), (122 bytes).
    Removing supportfunctions.o(.ARM.exidx.text.arm_q31_to_q15), (8 bytes).
    Removing supportfunctions.o(.text.arm_q31_to_q7), (116 bytes).
    Removing supportfunctions.o(.ARM.exidx.text.arm_q31_to_q7), (8 bytes).
    Removing supportfunctions.o(.text.arm_q7_to_f64), (256 bytes).
    Removing supportfunctions.o(.ARM.exidx.text.arm_q7_to_f64), (8 bytes).
    Removing supportfunctions.o(.text.arm_q7_to_float), (252 bytes).
    Removing supportfunctions.o(.ARM.exidx.text.arm_q7_to_float), (8 bytes).
    Removing supportfunctions.o(.text.arm_q7_to_q15), (158 bytes).
    Removing supportfunctions.o(.ARM.exidx.text.arm_q7_to_q15), (8 bytes).
    Removing supportfunctions.o(.text.arm_q7_to_q31), (158 bytes).
    Removing supportfunctions.o(.ARM.exidx.text.arm_q7_to_q31), (8 bytes).
    Removing supportfunctionsf16.o(.text), (0 bytes).
    Removing supportfunctionsf16.o(.text.arm_copy_f16), (138 bytes).
    Removing supportfunctionsf16.o(.ARM.exidx.text.arm_copy_f16), (8 bytes).
    Removing supportfunctionsf16.o(.text.arm_fill_f16), (92 bytes).
    Removing supportfunctionsf16.o(.ARM.exidx.text.arm_fill_f16), (8 bytes).
    Removing supportfunctionsf16.o(.text.arm_f16_to_q15), (540 bytes).
    Removing supportfunctionsf16.o(.ARM.exidx.text.arm_f16_to_q15), (8 bytes).
    Removing supportfunctionsf16.o(.text.arm_f16_to_float), (216 bytes).
    Removing supportfunctionsf16.o(.ARM.exidx.text.arm_f16_to_float), (8 bytes).
    Removing supportfunctionsf16.o(.text.arm_f16_to_f64), (202 bytes).
    Removing supportfunctionsf16.o(.ARM.exidx.text.arm_f16_to_f64), (8 bytes).
    Removing supportfunctionsf16.o(.text.arm_f64_to_f16), (194 bytes).
    Removing supportfunctionsf16.o(.ARM.exidx.text.arm_f64_to_f16), (8 bytes).
    Removing supportfunctionsf16.o(.text.arm_q15_to_f16), (672 bytes).
    Removing supportfunctionsf16.o(.ARM.exidx.text.arm_q15_to_f16), (8 bytes).
    Removing supportfunctionsf16.o(.text.arm_float_to_f16), (202 bytes).
    Removing supportfunctionsf16.o(.ARM.exidx.text.arm_float_to_f16), (8 bytes).
    Removing supportfunctionsf16.o(.text.arm_weighted_average_f16), (204 bytes).
    Removing supportfunctionsf16.o(.ARM.exidx.text.arm_weighted_average_f16), (8 bytes).
    Removing supportfunctionsf16.o(.text.arm_barycenter_f16), (984 bytes).
    Removing supportfunctionsf16.o(.ARM.exidx.text.arm_barycenter_f16), (8 bytes).
    Removing transformfunctions.o(.text), (0 bytes).
    Removing transformfunctions.o(.text.arm_bitreversal_f32), (174 bytes).
    Removing transformfunctions.o(.ARM.exidx.text.arm_bitreversal_f32), (8 bytes).
    Removing transformfunctions.o(.text.arm_bitreversal_q31), (174 bytes).
    Removing transformfunctions.o(.ARM.exidx.text.arm_bitreversal_q31), (8 bytes).
    Removing transformfunctions.o(.text.arm_bitreversal_q15), (112 bytes).
    Removing transformfunctions.o(.ARM.exidx.text.arm_bitreversal_q15), (8 bytes).
    Removing transformfunctions.o(.text.arm_bitreversal_64), (520 bytes).
    Removing transformfunctions.o(.ARM.exidx.text.arm_bitreversal_64), (8 bytes).
    Removing transformfunctions.o(.text.arm_bitreversal_32), (360 bytes).
    Removing transformfunctions.o(.ARM.exidx.text.arm_bitreversal_32), (8 bytes).
    Removing transformfunctions.o(.text.arm_bitreversal_16), (372 bytes).
    Removing transformfunctions.o(.ARM.exidx.text.arm_bitreversal_16), (8 bytes).
    Removing transformfunctions.o(.text.arm_cfft_f32), (2406 bytes).
    Removing transformfunctions.o(.ARM.exidx.text.arm_cfft_f32), (8 bytes).
    Removing transformfunctions.o(.text.arm_radix8_butterfly_f32), (1256 bytes).
    Removing transformfunctions.o(.ARM.exidx.text.arm_radix8_butterfly_f32), (8 bytes).
    Removing transformfunctions.o(.text.arm_radix4_butterfly_f64), (416 bytes).
    Removing transformfunctions.o(.ARM.exidx.text.arm_radix4_butterfly_f64), (8 bytes).
    Removing transformfunctions.o(.text.arm_cfft_f64), (1638 bytes).
    Removing transformfunctions.o(.ARM.exidx.text.arm_cfft_f64), (8 bytes).
    Removing transformfunctions.o(.text.arm_cfft_q15), (582 bytes).
    Removing transformfunctions.o(.ARM.exidx.text.arm_cfft_q15), (8 bytes).
    Removing transformfunctions.o(.text.arm_radix4_butterfly_inverse_q15), (1420 bytes).
    Removing transformfunctions.o(.ARM.exidx.text.arm_radix4_butterfly_inverse_q15), (8 bytes).
    Removing transformfunctions.o(.text.arm_cfft_radix4by2_inverse_q15), (822 bytes).
    Removing transformfunctions.o(.ARM.exidx.text.arm_cfft_radix4by2_inverse_q15), (8 bytes).
    Removing transformfunctions.o(.text.arm_radix4_butterfly_q15), (1420 bytes).
    Removing transformfunctions.o(.ARM.exidx.text.arm_radix4_butterfly_q15), (8 bytes).
    Removing transformfunctions.o(.text.arm_cfft_radix4by2_q15), (822 bytes).
    Removing transformfunctions.o(.ARM.exidx.text.arm_cfft_radix4by2_q15), (8 bytes).
    Removing transformfunctions.o(.text.arm_cfft_q31), (574 bytes).
    Removing transformfunctions.o(.ARM.exidx.text.arm_cfft_q31), (8 bytes).
    Removing transformfunctions.o(.text.arm_radix4_butterfly_inverse_q31), (1222 bytes).
    Removing transformfunctions.o(.ARM.exidx.text.arm_radix4_butterfly_inverse_q31), (8 bytes).
    Removing transformfunctions.o(.text.arm_cfft_radix4by2_inverse_q31), (782 bytes).
    Removing transformfunctions.o(.ARM.exidx.text.arm_cfft_radix4by2_inverse_q31), (8 bytes).
    Removing transformfunctions.o(.text.arm_radix4_butterfly_q31), (1194 bytes).
    Removing transformfunctions.o(.ARM.exidx.text.arm_radix4_butterfly_q31), (8 bytes).
    Removing transformfunctions.o(.text.arm_cfft_radix4by2_q31), (832 bytes).
    Removing transformfunctions.o(.ARM.exidx.text.arm_cfft_radix4by2_q31), (8 bytes).
    Removing transformfunctions.o(.text.arm_cfft_init_4096_f32), (32 bytes).
    Removing transformfunctions.o(.ARM.exidx.text.arm_cfft_init_4096_f32), (8 bytes).
    Removing transformfunctions.o(.text.arm_cfft_init_2048_f32), (32 bytes).
    Removing transformfunctions.o(.ARM.exidx.text.arm_cfft_init_2048_f32), (8 bytes).
    Removing transformfunctions.o(.text.arm_cfft_init_1024_f32), (32 bytes).
    Removing transformfunctions.o(.ARM.exidx.text.arm_cfft_init_1024_f32), (8 bytes).
    Removing transformfunctions.o(.text.arm_cfft_init_512_f32), (32 bytes).
    Removing transformfunctions.o(.ARM.exidx.text.arm_cfft_init_512_f32), (8 bytes).
    Removing transformfunctions.o(.text.arm_cfft_init_256_f32), (32 bytes).
    Removing transformfunctions.o(.ARM.exidx.text.arm_cfft_init_256_f32), (8 bytes).
    Removing transformfunctions.o(.text.arm_cfft_init_128_f32), (30 bytes).
    Removing transformfunctions.o(.ARM.exidx.text.arm_cfft_init_128_f32), (8 bytes).
    Removing transformfunctions.o(.text.arm_cfft_init_64_f32), (30 bytes).
    Removing transformfunctions.o(.ARM.exidx.text.arm_cfft_init_64_f32), (8 bytes).
    Removing transformfunctions.o(.text.arm_cfft_init_32_f32), (30 bytes).
    Removing transformfunctions.o(.ARM.exidx.text.arm_cfft_init_32_f32), (8 bytes).
    Removing transformfunctions.o(.text.arm_cfft_init_16_f32), (30 bytes).
    Removing transformfunctions.o(.ARM.exidx.text.arm_cfft_init_16_f32), (8 bytes).
    Removing transformfunctions.o(.text.arm_cfft_init_f32), (196 bytes).
    Removing transformfunctions.o(.ARM.exidx.text.arm_cfft_init_f32), (8 bytes).
    Removing transformfunctions.o(.text.arm_cfft_init_4096_f64), (32 bytes).
    Removing transformfunctions.o(.ARM.exidx.text.arm_cfft_init_4096_f64), (8 bytes).
    Removing transformfunctions.o(.text.arm_cfft_init_2048_f64), (32 bytes).
    Removing transformfunctions.o(.ARM.exidx.text.arm_cfft_init_2048_f64), (8 bytes).
    Removing transformfunctions.o(.text.arm_cfft_init_1024_f64), (32 bytes).
    Removing transformfunctions.o(.ARM.exidx.text.arm_cfft_init_1024_f64), (8 bytes).
    Removing transformfunctions.o(.text.arm_cfft_init_512_f64), (32 bytes).
    Removing transformfunctions.o(.ARM.exidx.text.arm_cfft_init_512_f64), (8 bytes).
    Removing transformfunctions.o(.text.arm_cfft_init_256_f64), (32 bytes).
    Removing transformfunctions.o(.ARM.exidx.text.arm_cfft_init_256_f64), (8 bytes).
    Removing transformfunctions.o(.text.arm_cfft_init_128_f64), (30 bytes).
    Removing transformfunctions.o(.ARM.exidx.text.arm_cfft_init_128_f64), (8 bytes).
    Removing transformfunctions.o(.text.arm_cfft_init_64_f64), (30 bytes).
    Removing transformfunctions.o(.ARM.exidx.text.arm_cfft_init_64_f64), (8 bytes).
    Removing transformfunctions.o(.text.arm_cfft_init_32_f64), (30 bytes).
    Removing transformfunctions.o(.ARM.exidx.text.arm_cfft_init_32_f64), (8 bytes).
    Removing transformfunctions.o(.text.arm_cfft_init_16_f64), (30 bytes).
    Removing transformfunctions.o(.ARM.exidx.text.arm_cfft_init_16_f64), (8 bytes).
    Removing transformfunctions.o(.text.arm_cfft_init_f64), (196 bytes).
    Removing transformfunctions.o(.ARM.exidx.text.arm_cfft_init_f64), (8 bytes).
    Removing transformfunctions.o(.text.arm_cfft_init_4096_q15), (32 bytes).
    Removing transformfunctions.o(.ARM.exidx.text.arm_cfft_init_4096_q15), (8 bytes).
    Removing transformfunctions.o(.text.arm_cfft_init_2048_q15), (32 bytes).
    Removing transformfunctions.o(.ARM.exidx.text.arm_cfft_init_2048_q15), (8 bytes).
    Removing transformfunctions.o(.text.arm_cfft_init_1024_q15), (32 bytes).
    Removing transformfunctions.o(.ARM.exidx.text.arm_cfft_init_1024_q15), (8 bytes).
    Removing transformfunctions.o(.text.arm_cfft_init_512_q15), (32 bytes).
    Removing transformfunctions.o(.ARM.exidx.text.arm_cfft_init_512_q15), (8 bytes).
    Removing transformfunctions.o(.text.arm_cfft_init_256_q15), (32 bytes).
    Removing transformfunctions.o(.ARM.exidx.text.arm_cfft_init_256_q15), (8 bytes).
    Removing transformfunctions.o(.text.arm_cfft_init_128_q15), (30 bytes).
    Removing transformfunctions.o(.ARM.exidx.text.arm_cfft_init_128_q15), (8 bytes).
    Removing transformfunctions.o(.text.arm_cfft_init_64_q15), (30 bytes).
    Removing transformfunctions.o(.ARM.exidx.text.arm_cfft_init_64_q15), (8 bytes).
    Removing transformfunctions.o(.text.arm_cfft_init_32_q15), (30 bytes).
    Removing transformfunctions.o(.ARM.exidx.text.arm_cfft_init_32_q15), (8 bytes).
    Removing transformfunctions.o(.text.arm_cfft_init_16_q15), (30 bytes).
    Removing transformfunctions.o(.ARM.exidx.text.arm_cfft_init_16_q15), (8 bytes).
    Removing transformfunctions.o(.text.arm_cfft_init_q15), (196 bytes).
    Removing transformfunctions.o(.ARM.exidx.text.arm_cfft_init_q15), (8 bytes).
    Removing transformfunctions.o(.text.arm_cfft_init_4096_q31), (32 bytes).
    Removing transformfunctions.o(.ARM.exidx.text.arm_cfft_init_4096_q31), (8 bytes).
    Removing transformfunctions.o(.text.arm_cfft_init_2048_q31), (32 bytes).
    Removing transformfunctions.o(.ARM.exidx.text.arm_cfft_init_2048_q31), (8 bytes).
    Removing transformfunctions.o(.text.arm_cfft_init_1024_q31), (32 bytes).
    Removing transformfunctions.o(.ARM.exidx.text.arm_cfft_init_1024_q31), (8 bytes).
    Removing transformfunctions.o(.text.arm_cfft_init_512_q31), (32 bytes).
    Removing transformfunctions.o(.ARM.exidx.text.arm_cfft_init_512_q31), (8 bytes).
    Removing transformfunctions.o(.text.arm_cfft_init_256_q31), (32 bytes).
    Removing transformfunctions.o(.ARM.exidx.text.arm_cfft_init_256_q31), (8 bytes).
    Removing transformfunctions.o(.text.arm_cfft_init_128_q31), (30 bytes).
    Removing transformfunctions.o(.ARM.exidx.text.arm_cfft_init_128_q31), (8 bytes).
    Removing transformfunctions.o(.text.arm_cfft_init_64_q31), (30 bytes).
    Removing transformfunctions.o(.ARM.exidx.text.arm_cfft_init_64_q31), (8 bytes).
    Removing transformfunctions.o(.text.arm_cfft_init_32_q31), (30 bytes).
    Removing transformfunctions.o(.ARM.exidx.text.arm_cfft_init_32_q31), (8 bytes).
    Removing transformfunctions.o(.text.arm_cfft_init_16_q31), (30 bytes).
    Removing transformfunctions.o(.ARM.exidx.text.arm_cfft_init_16_q31), (8 bytes).
    Removing transformfunctions.o(.text.arm_cfft_init_q31), (196 bytes).
    Removing transformfunctions.o(.ARM.exidx.text.arm_cfft_init_q31), (8 bytes).
    Removing transformfunctions.o(.text.arm_cfft_radix2_f32), (64 bytes).
    Removing transformfunctions.o(.ARM.exidx.text.arm_cfft_radix2_f32), (8 bytes).
    Removing transformfunctions.o(.text.arm_radix2_butterfly_inverse_f32), (1416 bytes).
    Removing transformfunctions.o(.ARM.exidx.text.arm_radix2_butterfly_inverse_f32), (8 bytes).
    Removing transformfunctions.o(.text.arm_radix2_butterfly_f32), (1482 bytes).
    Removing transformfunctions.o(.ARM.exidx.text.arm_radix2_butterfly_f32), (8 bytes).
    Removing transformfunctions.o(.text.arm_cfft_radix2_q15), (154 bytes).
    Removing transformfunctions.o(.ARM.exidx.text.arm_cfft_radix2_q15), (8 bytes).
    Removing transformfunctions.o(.text.arm_radix2_butterfly_inverse_q15), (614 bytes).
    Removing transformfunctions.o(.ARM.exidx.text.arm_radix2_butterfly_inverse_q15), (8 bytes).
    Removing transformfunctions.o(.text.arm_radix2_butterfly_q15), (438 bytes).
    Removing transformfunctions.o(.ARM.exidx.text.arm_radix2_butterfly_q15), (8 bytes).
    Removing transformfunctions.o(.text.arm_cfft_radix2_q31), (198 bytes).
    Removing transformfunctions.o(.ARM.exidx.text.arm_cfft_radix2_q31), (8 bytes).
    Removing transformfunctions.o(.text.arm_radix2_butterfly_inverse_q31), (756 bytes).
    Removing transformfunctions.o(.ARM.exidx.text.arm_radix2_butterfly_inverse_q31), (8 bytes).
    Removing transformfunctions.o(.text.arm_radix2_butterfly_q31), (1012 bytes).
    Removing transformfunctions.o(.ARM.exidx.text.arm_radix2_butterfly_q31), (8 bytes).
    Removing transformfunctions.o(.text.arm_cfft_radix4_f32), (64 bytes).
    Removing transformfunctions.o(.ARM.exidx.text.arm_cfft_radix4_f32), (8 bytes).
    Removing transformfunctions.o(.text.arm_radix4_butterfly_inverse_f32), (828 bytes).
    Removing transformfunctions.o(.ARM.exidx.text.arm_radix4_butterfly_inverse_f32), (8 bytes).
    Removing transformfunctions.o(.text.arm_radix4_butterfly_f32), (408 bytes).
    Removing transformfunctions.o(.ARM.exidx.text.arm_radix4_butterfly_f32), (8 bytes).
    Removing transformfunctions.o(.text.arm_cfft_radix4_q15), (166 bytes).
    Removing transformfunctions.o(.ARM.exidx.text.arm_cfft_radix4_q15), (8 bytes).
    Removing transformfunctions.o(.text.arm_cfft_radix4_q31), (210 bytes).
    Removing transformfunctions.o(.ARM.exidx.text.arm_cfft_radix4_q31), (8 bytes).
    Removing transformfunctions.o(.text.arm_rfft_fast_f32), (1416 bytes).
    Removing transformfunctions.o(.ARM.exidx.text.arm_rfft_fast_f32), (8 bytes).
    Removing transformfunctions.o(.text.arm_rfft_fast_f64), (1396 bytes).
    Removing transformfunctions.o(.ARM.exidx.text.arm_rfft_fast_f64), (8 bytes).
    Removing transformfunctions.o(.text.arm_rfft_fast_init_32_f32), (54 bytes).
    Removing transformfunctions.o(.ARM.exidx.text.arm_rfft_fast_init_32_f32), (8 bytes).
    Removing transformfunctions.o(.text.arm_rfft_fast_init_64_f32), (54 bytes).
    Removing transformfunctions.o(.ARM.exidx.text.arm_rfft_fast_init_64_f32), (8 bytes).
    Removing transformfunctions.o(.text.arm_rfft_fast_init_128_f32), (54 bytes).
    Removing transformfunctions.o(.ARM.exidx.text.arm_rfft_fast_init_128_f32), (8 bytes).
    Removing transformfunctions.o(.text.arm_rfft_fast_init_256_f32), (54 bytes).
    Removing transformfunctions.o(.ARM.exidx.text.arm_rfft_fast_init_256_f32), (8 bytes).
    Removing transformfunctions.o(.text.arm_rfft_fast_init_512_f32), (58 bytes).
    Removing transformfunctions.o(.ARM.exidx.text.arm_rfft_fast_init_512_f32), (8 bytes).
    Removing transformfunctions.o(.text.arm_rfft_fast_init_1024_f32), (58 bytes).
    Removing transformfunctions.o(.ARM.exidx.text.arm_rfft_fast_init_1024_f32), (8 bytes).
    Removing transformfunctions.o(.text.arm_rfft_fast_init_2048_f32), (58 bytes).
    Removing transformfunctions.o(.ARM.exidx.text.arm_rfft_fast_init_2048_f32), (8 bytes).
    Removing transformfunctions.o(.text.arm_rfft_fast_init_4096_f32), (58 bytes).
    Removing transformfunctions.o(.ARM.exidx.text.arm_rfft_fast_init_4096_f32), (8 bytes).
    Removing transformfunctions.o(.text.arm_rfft_fast_init_f32), (376 bytes).
    Removing transformfunctions.o(.ARM.exidx.text.arm_rfft_fast_init_f32), (8 bytes).
    Removing transformfunctions.o(.text.arm_rfft_fast_init_32_f64), (58 bytes).
    Removing transformfunctions.o(.ARM.exidx.text.arm_rfft_fast_init_32_f64), (8 bytes).
    Removing transformfunctions.o(.text.arm_rfft_fast_init_64_f64), (58 bytes).
    Removing transformfunctions.o(.ARM.exidx.text.arm_rfft_fast_init_64_f64), (8 bytes).
    Removing transformfunctions.o(.text.arm_rfft_fast_init_128_f64), (58 bytes).
    Removing transformfunctions.o(.ARM.exidx.text.arm_rfft_fast_init_128_f64), (8 bytes).
    Removing transformfunctions.o(.text.arm_rfft_fast_init_256_f64), (58 bytes).
    Removing transformfunctions.o(.ARM.exidx.text.arm_rfft_fast_init_256_f64), (8 bytes).
    Removing transformfunctions.o(.text.arm_rfft_fast_init_512_f64), (62 bytes).
    Removing transformfunctions.o(.ARM.exidx.text.arm_rfft_fast_init_512_f64), (8 bytes).
    Removing transformfunctions.o(.text.arm_rfft_fast_init_1024_f64), (62 bytes).
    Removing transformfunctions.o(.ARM.exidx.text.arm_rfft_fast_init_1024_f64), (8 bytes).
    Removing transformfunctions.o(.text.arm_rfft_fast_init_2048_f64), (62 bytes).
    Removing transformfunctions.o(.ARM.exidx.text.arm_rfft_fast_init_2048_f64), (8 bytes).
    Removing transformfunctions.o(.text.arm_rfft_fast_init_4096_f64), (62 bytes).
    Removing transformfunctions.o(.ARM.exidx.text.arm_rfft_fast_init_4096_f64), (8 bytes).
    Removing transformfunctions.o(.text.arm_rfft_fast_init_f64), (374 bytes).
    Removing transformfunctions.o(.ARM.exidx.text.arm_rfft_fast_init_f64), (8 bytes).
    Removing transformfunctions.o(.text.arm_mfcc_init_f32), (374 bytes).
    Removing transformfunctions.o(.ARM.exidx.text.arm_mfcc_init_f32), (8 bytes).
    Removing transformfunctions.o(.text.arm_mfcc_init_32_f32), (84 bytes).
    Removing transformfunctions.o(.ARM.exidx.text.arm_mfcc_init_32_f32), (8 bytes).
    Removing transformfunctions.o(.text.arm_mfcc_init_64_f32), (84 bytes).
    Removing transformfunctions.o(.ARM.exidx.text.arm_mfcc_init_64_f32), (8 bytes).
    Removing transformfunctions.o(.text.arm_mfcc_init_128_f32), (84 bytes).
    Removing transformfunctions.o(.ARM.exidx.text.arm_mfcc_init_128_f32), (8 bytes).
    Removing transformfunctions.o(.text.arm_mfcc_init_256_f32), (86 bytes).
    Removing transformfunctions.o(.ARM.exidx.text.arm_mfcc_init_256_f32), (8 bytes).
    Removing transformfunctions.o(.text.arm_mfcc_init_512_f32), (88 bytes).
    Removing transformfunctions.o(.ARM.exidx.text.arm_mfcc_init_512_f32), (8 bytes).
    Removing transformfunctions.o(.text.arm_mfcc_init_1024_f32), (88 bytes).
    Removing transformfunctions.o(.ARM.exidx.text.arm_mfcc_init_1024_f32), (8 bytes).
    Removing transformfunctions.o(.text.arm_mfcc_init_2048_f32), (88 bytes).
    Removing transformfunctions.o(.ARM.exidx.text.arm_mfcc_init_2048_f32), (8 bytes).
    Removing transformfunctions.o(.text.arm_mfcc_init_4096_f32), (88 bytes).
    Removing transformfunctions.o(.ARM.exidx.text.arm_mfcc_init_4096_f32), (8 bytes).
    Removing transformfunctions.o(.text.arm_mfcc_f32), (1016 bytes).
    Removing transformfunctions.o(.ARM.exidx.text.arm_mfcc_f32), (8 bytes).
    Removing transformfunctions.o(.text.arm_mfcc_init_q31), (260 bytes).
    Removing transformfunctions.o(.ARM.exidx.text.arm_mfcc_init_q31), (8 bytes).
    Removing transformfunctions.o(.text.arm_rfft_init_q31), (246 bytes).
    Removing transformfunctions.o(.ARM.exidx.text.arm_rfft_init_q31), (8 bytes).
    Removing transformfunctions.o(.text.arm_mfcc_init_32_q31), (88 bytes).
    Removing transformfunctions.o(.ARM.exidx.text.arm_mfcc_init_32_q31), (8 bytes).
    Removing transformfunctions.o(.text.arm_rfft_init_32_q31), (50 bytes).
    Removing transformfunctions.o(.ARM.exidx.text.arm_rfft_init_32_q31), (8 bytes).
    Removing transformfunctions.o(.text.arm_mfcc_init_64_q31), (90 bytes).
    Removing transformfunctions.o(.ARM.exidx.text.arm_mfcc_init_64_q31), (8 bytes).
    Removing transformfunctions.o(.text.arm_rfft_init_64_q31), (48 bytes).
    Removing transformfunctions.o(.ARM.exidx.text.arm_rfft_init_64_q31), (8 bytes).
    Removing transformfunctions.o(.text.arm_mfcc_init_128_q31), (90 bytes).
    Removing transformfunctions.o(.ARM.exidx.text.arm_mfcc_init_128_q31), (8 bytes).
    Removing transformfunctions.o(.text.arm_rfft_init_128_q31), (48 bytes).
    Removing transformfunctions.o(.ARM.exidx.text.arm_rfft_init_128_q31), (8 bytes).
    Removing transformfunctions.o(.text.arm_mfcc_init_256_q31), (88 bytes).
    Removing transformfunctions.o(.ARM.exidx.text.arm_mfcc_init_256_q31), (8 bytes).
    Removing transformfunctions.o(.text.arm_rfft_init_256_q31), (50 bytes).
    Removing transformfunctions.o(.ARM.exidx.text.arm_rfft_init_256_q31), (8 bytes).
    Removing transformfunctions.o(.text.arm_mfcc_init_512_q31), (92 bytes).
    Removing transformfunctions.o(.ARM.exidx.text.arm_mfcc_init_512_q31), (8 bytes).
    Removing transformfunctions.o(.text.arm_rfft_init_512_q31), (50 bytes).
    Removing transformfunctions.o(.ARM.exidx.text.arm_rfft_init_512_q31), (8 bytes).
    Removing transformfunctions.o(.text.arm_mfcc_init_1024_q31), (92 bytes).
    Removing transformfunctions.o(.ARM.exidx.text.arm_mfcc_init_1024_q31), (8 bytes).
    Removing transformfunctions.o(.text.arm_rfft_init_1024_q31), (50 bytes).
    Removing transformfunctions.o(.ARM.exidx.text.arm_rfft_init_1024_q31), (8 bytes).
    Removing transformfunctions.o(.text.arm_mfcc_init_2048_q31), (92 bytes).
    Removing transformfunctions.o(.ARM.exidx.text.arm_mfcc_init_2048_q31), (8 bytes).
    Removing transformfunctions.o(.text.arm_rfft_init_2048_q31), (50 bytes).
    Removing transformfunctions.o(.ARM.exidx.text.arm_rfft_init_2048_q31), (8 bytes).
    Removing transformfunctions.o(.text.arm_mfcc_init_4096_q31), (92 bytes).
    Removing transformfunctions.o(.ARM.exidx.text.arm_mfcc_init_4096_q31), (8 bytes).
    Removing transformfunctions.o(.text.arm_rfft_init_4096_q31), (50 bytes).
    Removing transformfunctions.o(.ARM.exidx.text.arm_rfft_init_4096_q31), (8 bytes).
    Removing transformfunctions.o(.text.arm_mfcc_q31), (340 bytes).
    Removing transformfunctions.o(.ARM.exidx.text.arm_mfcc_q31), (8 bytes).
    Removing transformfunctions.o(.text.arm_rfft_q31), (234 bytes).
    Removing transformfunctions.o(.ARM.exidx.text.arm_rfft_q31), (8 bytes).
    Removing transformfunctions.o(.text.arm_mfcc_init_q15), (260 bytes).
    Removing transformfunctions.o(.ARM.exidx.text.arm_mfcc_init_q15), (8 bytes).
    Removing transformfunctions.o(.text.arm_rfft_init_q15), (246 bytes).
    Removing transformfunctions.o(.ARM.exidx.text.arm_rfft_init_q15), (8 bytes).
    Removing transformfunctions.o(.text.arm_mfcc_init_32_q15), (88 bytes).
    Removing transformfunctions.o(.ARM.exidx.text.arm_mfcc_init_32_q15), (8 bytes).
    Removing transformfunctions.o(.text.arm_rfft_init_32_q15), (50 bytes).
    Removing transformfunctions.o(.ARM.exidx.text.arm_rfft_init_32_q15), (8 bytes).
    Removing transformfunctions.o(.text.arm_mfcc_init_64_q15), (90 bytes).
    Removing transformfunctions.o(.ARM.exidx.text.arm_mfcc_init_64_q15), (8 bytes).
    Removing transformfunctions.o(.text.arm_rfft_init_64_q15), (48 bytes).
    Removing transformfunctions.o(.ARM.exidx.text.arm_rfft_init_64_q15), (8 bytes).
    Removing transformfunctions.o(.text.arm_mfcc_init_128_q15), (90 bytes).
    Removing transformfunctions.o(.ARM.exidx.text.arm_mfcc_init_128_q15), (8 bytes).
    Removing transformfunctions.o(.text.arm_rfft_init_128_q15), (48 bytes).
    Removing transformfunctions.o(.ARM.exidx.text.arm_rfft_init_128_q15), (8 bytes).
    Removing transformfunctions.o(.text.arm_mfcc_init_256_q15), (88 bytes).
    Removing transformfunctions.o(.ARM.exidx.text.arm_mfcc_init_256_q15), (8 bytes).
    Removing transformfunctions.o(.text.arm_rfft_init_256_q15), (50 bytes).
    Removing transformfunctions.o(.ARM.exidx.text.arm_rfft_init_256_q15), (8 bytes).
    Removing transformfunctions.o(.text.arm_mfcc_init_512_q15), (92 bytes).
    Removing transformfunctions.o(.ARM.exidx.text.arm_mfcc_init_512_q15), (8 bytes).
    Removing transformfunctions.o(.text.arm_rfft_init_512_q15), (50 bytes).
    Removing transformfunctions.o(.ARM.exidx.text.arm_rfft_init_512_q15), (8 bytes).
    Removing transformfunctions.o(.text.arm_mfcc_init_1024_q15), (92 bytes).
    Removing transformfunctions.o(.ARM.exidx.text.arm_mfcc_init_1024_q15), (8 bytes).
    Removing transformfunctions.o(.text.arm_rfft_init_1024_q15), (50 bytes).
    Removing transformfunctions.o(.ARM.exidx.text.arm_rfft_init_1024_q15), (8 bytes).
    Removing transformfunctions.o(.text.arm_mfcc_init_2048_q15), (92 bytes).
    Removing transformfunctions.o(.ARM.exidx.text.arm_mfcc_init_2048_q15), (8 bytes).
    Removing transformfunctions.o(.text.arm_rfft_init_2048_q15), (50 bytes).
    Removing transformfunctions.o(.ARM.exidx.text.arm_rfft_init_2048_q15), (8 bytes).
    Removing transformfunctions.o(.text.arm_mfcc_init_4096_q15), (92 bytes).
    Removing transformfunctions.o(.ARM.exidx.text.arm_mfcc_init_4096_q15), (8 bytes).
    Removing transformfunctions.o(.text.arm_rfft_init_4096_q15), (50 bytes).
    Removing transformfunctions.o(.ARM.exidx.text.arm_rfft_init_4096_q15), (8 bytes).
    Removing transformfunctions.o(.text.arm_mfcc_q15), (498 bytes).
    Removing transformfunctions.o(.ARM.exidx.text.arm_mfcc_q15), (8 bytes).
    Removing transformfunctions.o(.text.arm_rfft_q15), (1316 bytes).
    Removing transformfunctions.o(.ARM.exidx.text.arm_rfft_q15), (8 bytes).
    Removing transformfunctions.o(.text.arm_dct4_f32), (790 bytes).
    Removing transformfunctions.o(.ARM.exidx.text.arm_dct4_f32), (8 bytes).
    Removing transformfunctions.o(.text.arm_rfft_f32), (1730 bytes).
    Removing transformfunctions.o(.ARM.exidx.text.arm_rfft_f32), (8 bytes).
    Removing transformfunctions.o(.text.arm_dct4_init_f32), (396 bytes).
    Removing transformfunctions.o(.ARM.exidx.text.arm_dct4_init_f32), (8 bytes).
    Removing transformfunctions.o(.text.arm_rfft_init_f32), (296 bytes).
    Removing transformfunctions.o(.ARM.exidx.text.arm_rfft_init_f32), (8 bytes).
    Removing transformfunctions.o(.text.arm_dct4_init_q15), (356 bytes).
    Removing transformfunctions.o(.ARM.exidx.text.arm_dct4_init_q15), (8 bytes).
    Removing transformfunctions.o(.text.arm_dct4_init_q31), (356 bytes).
    Removing transformfunctions.o(.ARM.exidx.text.arm_dct4_init_q31), (8 bytes).
    Removing transformfunctions.o(.text.arm_dct4_q15), (780 bytes).
    Removing transformfunctions.o(.ARM.exidx.text.arm_dct4_q15), (8 bytes).
    Removing transformfunctions.o(.text.arm_dct4_q31), (834 bytes).
    Removing transformfunctions.o(.ARM.exidx.text.arm_dct4_q31), (8 bytes).
    Removing transformfunctions.o(.text.arm_split_rifft_f32), (662 bytes).
    Removing transformfunctions.o(.ARM.exidx.text.arm_split_rifft_f32), (8 bytes).
    Removing transformfunctions.o(.text.arm_split_rfft_f32), (938 bytes).
    Removing transformfunctions.o(.ARM.exidx.text.arm_split_rfft_f32), (8 bytes).
    Removing transformfunctions.o(.text.arm_split_rifft_q15), (488 bytes).
    Removing transformfunctions.o(.ARM.exidx.text.arm_split_rifft_q15), (8 bytes).
    Removing transformfunctions.o(.text.arm_split_rfft_q15), (744 bytes).
    Removing transformfunctions.o(.ARM.exidx.text.arm_split_rfft_q15), (8 bytes).
    Removing transformfunctions.o(.text.arm_split_rifft_q31), (144 bytes).
    Removing transformfunctions.o(.ARM.exidx.text.arm_split_rifft_q31), (8 bytes).
    Removing transformfunctions.o(.text.arm_split_rfft_q31), (266 bytes).
    Removing transformfunctions.o(.ARM.exidx.text.arm_split_rfft_q31), (8 bytes).
    Removing transformfunctions.o(.text.arm_cfft_radix4_init_f32), (152 bytes).
    Removing transformfunctions.o(.ARM.exidx.text.arm_cfft_radix4_init_f32), (8 bytes).
    Removing transformfunctions.o(.text.arm_rfft_init_8192_q15), (50 bytes).
    Removing transformfunctions.o(.ARM.exidx.text.arm_rfft_init_8192_q15), (8 bytes).
    Removing transformfunctions.o(.text.arm_rfft_init_8192_q31), (50 bytes).
    Removing transformfunctions.o(.ARM.exidx.text.arm_rfft_init_8192_q31), (8 bytes).
    Removing transformfunctions.o(.text.arm_cfft_radix4_init_q15), (108 bytes).
    Removing transformfunctions.o(.ARM.exidx.text.arm_cfft_radix4_init_q15), (8 bytes).
    Removing transformfunctions.o(.text.arm_cfft_radix4_init_q31), (108 bytes).
    Removing transformfunctions.o(.ARM.exidx.text.arm_cfft_radix4_init_q31), (8 bytes).
    Removing transformfunctions.o(.text.arm_cfft_radix2_init_f32), (244 bytes).
    Removing transformfunctions.o(.ARM.exidx.text.arm_cfft_radix2_init_f32), (8 bytes).
    Removing transformfunctions.o(.text.arm_cfft_radix2_init_q15), (166 bytes).
    Removing transformfunctions.o(.ARM.exidx.text.arm_cfft_radix2_init_q15), (8 bytes).
    Removing transformfunctions.o(.text.arm_cfft_radix2_init_q31), (166 bytes).
    Removing transformfunctions.o(.ARM.exidx.text.arm_cfft_radix2_init_q31), (8 bytes).
    Removing transformfunctionsf16.o(.text), (0 bytes).
    Removing transformfunctionsf16.o(.text.arm_cfft_f16), (834 bytes).
    Removing transformfunctionsf16.o(.ARM.exidx.text.arm_cfft_f16), (8 bytes).
    Removing transformfunctionsf16.o(.text.arm_radix4_butterfly_f16), (3686 bytes).
    Removing transformfunctionsf16.o(.ARM.exidx.text.arm_radix4_butterfly_f16), (8 bytes).
    Removing transformfunctionsf16.o(.text.arm_cfft_radix4by2_f16), (1568 bytes).
    Removing transformfunctionsf16.o(.ARM.exidx.text.arm_cfft_radix4by2_f16), (8 bytes).
    Removing transformfunctionsf16.o(.text.arm_cfft_init_4096_f16), (32 bytes).
    Removing transformfunctionsf16.o(.ARM.exidx.text.arm_cfft_init_4096_f16), (8 bytes).
    Removing transformfunctionsf16.o(.text.arm_cfft_init_2048_f16), (32 bytes).
    Removing transformfunctionsf16.o(.ARM.exidx.text.arm_cfft_init_2048_f16), (8 bytes).
    Removing transformfunctionsf16.o(.text.arm_cfft_init_1024_f16), (32 bytes).
    Removing transformfunctionsf16.o(.ARM.exidx.text.arm_cfft_init_1024_f16), (8 bytes).
    Removing transformfunctionsf16.o(.text.arm_cfft_init_512_f16), (32 bytes).
    Removing transformfunctionsf16.o(.ARM.exidx.text.arm_cfft_init_512_f16), (8 bytes).
    Removing transformfunctionsf16.o(.text.arm_cfft_init_256_f16), (32 bytes).
    Removing transformfunctionsf16.o(.ARM.exidx.text.arm_cfft_init_256_f16), (8 bytes).
    Removing transformfunctionsf16.o(.text.arm_cfft_init_128_f16), (30 bytes).
    Removing transformfunctionsf16.o(.ARM.exidx.text.arm_cfft_init_128_f16), (8 bytes).
    Removing transformfunctionsf16.o(.text.arm_cfft_init_64_f16), (30 bytes).
    Removing transformfunctionsf16.o(.ARM.exidx.text.arm_cfft_init_64_f16), (8 bytes).
    Removing transformfunctionsf16.o(.text.arm_cfft_init_32_f16), (30 bytes).
    Removing transformfunctionsf16.o(.ARM.exidx.text.arm_cfft_init_32_f16), (8 bytes).
    Removing transformfunctionsf16.o(.text.arm_cfft_init_16_f16), (30 bytes).
    Removing transformfunctionsf16.o(.ARM.exidx.text.arm_cfft_init_16_f16), (8 bytes).
    Removing transformfunctionsf16.o(.text.arm_cfft_init_f16), (196 bytes).
    Removing transformfunctionsf16.o(.ARM.exidx.text.arm_cfft_init_f16), (8 bytes).
    Removing transformfunctionsf16.o(.text.arm_cfft_radix2_f16), (68 bytes).
    Removing transformfunctionsf16.o(.ARM.exidx.text.arm_cfft_radix2_f16), (8 bytes).
    Removing transformfunctionsf16.o(.text.arm_radix2_butterfly_inverse_f16), (2650 bytes).
    Removing transformfunctionsf16.o(.ARM.exidx.text.arm_radix2_butterfly_inverse_f16), (8 bytes).
    Removing transformfunctionsf16.o(.text.arm_radix2_butterfly_f16), (2582 bytes).
    Removing transformfunctionsf16.o(.ARM.exidx.text.arm_radix2_butterfly_f16), (8 bytes).
    Removing transformfunctionsf16.o(.text.arm_bitreversal_f16), (174 bytes).
    Removing transformfunctionsf16.o(.ARM.exidx.text.arm_bitreversal_f16), (8 bytes).
    Removing transformfunctionsf16.o(.text.arm_cfft_radix4_f16), (68 bytes).
    Removing transformfunctionsf16.o(.ARM.exidx.text.arm_cfft_radix4_f16), (8 bytes).
    Removing transformfunctionsf16.o(.text.arm_radix4_butterfly_inverse_f16), (2780 bytes).
    Removing transformfunctionsf16.o(.ARM.exidx.text.arm_radix4_butterfly_inverse_f16), (8 bytes).
    Removing transformfunctionsf16.o(.text.arm_rfft_fast_init_32_f16), (54 bytes).
    Removing transformfunctionsf16.o(.ARM.exidx.text.arm_rfft_fast_init_32_f16), (8 bytes).
    Removing transformfunctionsf16.o(.text.arm_rfft_fast_init_64_f16), (54 bytes).
    Removing transformfunctionsf16.o(.ARM.exidx.text.arm_rfft_fast_init_64_f16), (8 bytes).
    Removing transformfunctionsf16.o(.text.arm_rfft_fast_init_128_f16), (54 bytes).
    Removing transformfunctionsf16.o(.ARM.exidx.text.arm_rfft_fast_init_128_f16), (8 bytes).
    Removing transformfunctionsf16.o(.text.arm_rfft_fast_init_256_f16), (54 bytes).
    Removing transformfunctionsf16.o(.ARM.exidx.text.arm_rfft_fast_init_256_f16), (8 bytes).
    Removing transformfunctionsf16.o(.text.arm_rfft_fast_init_512_f16), (58 bytes).
    Removing transformfunctionsf16.o(.ARM.exidx.text.arm_rfft_fast_init_512_f16), (8 bytes).
    Removing transformfunctionsf16.o(.text.arm_rfft_fast_init_1024_f16), (58 bytes).
    Removing transformfunctionsf16.o(.ARM.exidx.text.arm_rfft_fast_init_1024_f16), (8 bytes).
    Removing transformfunctionsf16.o(.text.arm_rfft_fast_init_2048_f16), (58 bytes).
    Removing transformfunctionsf16.o(.ARM.exidx.text.arm_rfft_fast_init_2048_f16), (8 bytes).
    Removing transformfunctionsf16.o(.text.arm_rfft_fast_init_4096_f16), (58 bytes).
    Removing transformfunctionsf16.o(.ARM.exidx.text.arm_rfft_fast_init_4096_f16), (8 bytes).
    Removing transformfunctionsf16.o(.text.arm_rfft_fast_init_f16), (376 bytes).
    Removing transformfunctionsf16.o(.ARM.exidx.text.arm_rfft_fast_init_f16), (8 bytes).
    Removing transformfunctionsf16.o(.text.arm_rfft_fast_f16), (802 bytes).
    Removing transformfunctionsf16.o(.ARM.exidx.text.arm_rfft_fast_f16), (8 bytes).
    Removing transformfunctionsf16.o(.text.arm_radix8_butterfly_f16), (2856 bytes).
    Removing transformfunctionsf16.o(.ARM.exidx.text.arm_radix8_butterfly_f16), (8 bytes).
    Removing transformfunctionsf16.o(.text.arm_mfcc_init_f16), (374 bytes).
    Removing transformfunctionsf16.o(.ARM.exidx.text.arm_mfcc_init_f16), (8 bytes).
    Removing transformfunctionsf16.o(.text.arm_mfcc_init_32_f16), (84 bytes).
    Removing transformfunctionsf16.o(.ARM.exidx.text.arm_mfcc_init_32_f16), (8 bytes).
    Removing transformfunctionsf16.o(.text.arm_mfcc_init_64_f16), (84 bytes).
    Removing transformfunctionsf16.o(.ARM.exidx.text.arm_mfcc_init_64_f16), (8 bytes).
    Removing transformfunctionsf16.o(.text.arm_mfcc_init_128_f16), (84 bytes).
    Removing transformfunctionsf16.o(.ARM.exidx.text.arm_mfcc_init_128_f16), (8 bytes).
    Removing transformfunctionsf16.o(.text.arm_mfcc_init_256_f16), (86 bytes).
    Removing transformfunctionsf16.o(.ARM.exidx.text.arm_mfcc_init_256_f16), (8 bytes).
    Removing transformfunctionsf16.o(.text.arm_mfcc_init_512_f16), (88 bytes).
    Removing transformfunctionsf16.o(.ARM.exidx.text.arm_mfcc_init_512_f16), (8 bytes).
    Removing transformfunctionsf16.o(.text.arm_mfcc_init_1024_f16), (88 bytes).
    Removing transformfunctionsf16.o(.ARM.exidx.text.arm_mfcc_init_1024_f16), (8 bytes).
    Removing transformfunctionsf16.o(.text.arm_mfcc_init_2048_f16), (88 bytes).
    Removing transformfunctionsf16.o(.ARM.exidx.text.arm_mfcc_init_2048_f16), (8 bytes).
    Removing transformfunctionsf16.o(.text.arm_mfcc_init_4096_f16), (88 bytes).
    Removing transformfunctionsf16.o(.ARM.exidx.text.arm_mfcc_init_4096_f16), (8 bytes).
    Removing transformfunctionsf16.o(.text.arm_mfcc_f16), (300 bytes).
    Removing transformfunctionsf16.o(.ARM.exidx.text.arm_mfcc_f16), (8 bytes).
    Removing transformfunctionsf16.o(.text.arm_cfft_radix2_init_f16), (244 bytes).
    Removing transformfunctionsf16.o(.ARM.exidx.text.arm_cfft_radix2_init_f16), (8 bytes).
    Removing transformfunctionsf16.o(.text.arm_cfft_radix4_init_f16), (156 bytes).
    Removing transformfunctionsf16.o(.ARM.exidx.text.arm_cfft_radix4_init_f16), (8 bytes).
    Removing windowfunctions.o(.text), (0 bytes).
    Removing windowfunctions.o(.text.arm_welch_f32), (308 bytes).
    Removing windowfunctions.o(.ARM.exidx.text.arm_welch_f32), (8 bytes).
    Removing windowfunctions.o(.text.arm_welch_f64), (320 bytes).
    Removing windowfunctions.o(.ARM.exidx.text.arm_welch_f64), (8 bytes).
    Removing windowfunctions.o(.text.arm_bartlett_f32), (340 bytes).
    Removing windowfunctions.o(.ARM.exidx.text.arm_bartlett_f32), (8 bytes).
    Removing windowfunctions.o(.text.arm_bartlett_f64), (352 bytes).
    Removing windowfunctions.o(.ARM.exidx.text.arm_bartlett_f64), (8 bytes).
    Removing windowfunctions.o(.text.arm_hamming_f32), (380 bytes).
    Removing windowfunctions.o(.ARM.exidx.text.arm_hamming_f32), (8 bytes).
    Removing windowfunctions.o(.text.arm_hamming_f64), (416 bytes).
    Removing windowfunctions.o(.ARM.exidx.text.arm_hamming_f64), (8 bytes).
    Removing windowfunctions.o(.text.arm_hanning_f32), (376 bytes).
    Removing windowfunctions.o(.ARM.exidx.text.arm_hanning_f32), (8 bytes).
    Removing windowfunctions.o(.text.arm_hanning_f64), (400 bytes).
    Removing windowfunctions.o(.ARM.exidx.text.arm_hanning_f64), (8 bytes).
    Removing windowfunctions.o(.text.arm_nuttall3_f32), (492 bytes).
    Removing windowfunctions.o(.ARM.exidx.text.arm_nuttall3_f32), (8 bytes).
    Removing windowfunctions.o(.text.arm_nuttall3_f64), (512 bytes).
    Removing windowfunctions.o(.ARM.exidx.text.arm_nuttall3_f64), (8 bytes).
    Removing windowfunctions.o(.text.arm_nuttall4_f32), (600 bytes).
    Removing windowfunctions.o(.ARM.exidx.text.arm_nuttall4_f32), (8 bytes).
    Removing windowfunctions.o(.text.arm_nuttall4_f64), (656 bytes).
    Removing windowfunctions.o(.ARM.exidx.text.arm_nuttall4_f64), (8 bytes).
    Removing windowfunctions.o(.text.arm_nuttall3a_f32), (500 bytes).
    Removing windowfunctions.o(.ARM.exidx.text.arm_nuttall3a_f32), (8 bytes).
    Removing windowfunctions.o(.text.arm_nuttall3a_f64), (528 bytes).
    Removing windowfunctions.o(.ARM.exidx.text.arm_nuttall3a_f64), (8 bytes).
    Removing windowfunctions.o(.text.arm_nuttall3b_f32), (504 bytes).
    Removing windowfunctions.o(.ARM.exidx.text.arm_nuttall3b_f32), (8 bytes).
    Removing windowfunctions.o(.text.arm_nuttall3b_f64), (536 bytes).
    Removing windowfunctions.o(.ARM.exidx.text.arm_nuttall3b_f64), (8 bytes).
    Removing windowfunctions.o(.text.arm_nuttall4a_f32), (612 bytes).
    Removing windowfunctions.o(.ARM.exidx.text.arm_nuttall4a_f32), (8 bytes).
    Removing windowfunctions.o(.text.arm_nuttall4a_f64), (680 bytes).
    Removing windowfunctions.o(.ARM.exidx.text.arm_nuttall4a_f64), (8 bytes).
    Removing windowfunctions.o(.text.arm_blackman_harris_92db_f32), (612 bytes).
    Removing windowfunctions.o(.ARM.exidx.text.arm_blackman_harris_92db_f32), (8 bytes).
    Removing windowfunctions.o(.text.arm_blackman_harris_92db_f64), (680 bytes).
    Removing windowfunctions.o(.ARM.exidx.text.arm_blackman_harris_92db_f64), (8 bytes).
    Removing windowfunctions.o(.text.arm_nuttall4b_f32), (612 bytes).
    Removing windowfunctions.o(.ARM.exidx.text.arm_nuttall4b_f32), (8 bytes).
    Removing windowfunctions.o(.text.arm_nuttall4b_f64), (680 bytes).
    Removing windowfunctions.o(.ARM.exidx.text.arm_nuttall4b_f64), (8 bytes).
    Removing windowfunctions.o(.text.arm_nuttall4c_f32), (612 bytes).
    Removing windowfunctions.o(.ARM.exidx.text.arm_nuttall4c_f32), (8 bytes).
    Removing windowfunctions.o(.text.arm_nuttall4c_f64), (680 bytes).
    Removing windowfunctions.o(.ARM.exidx.text.arm_nuttall4c_f64), (8 bytes).
    Removing windowfunctions.o(.text.arm_hft90d_f32), (712 bytes).
    Removing windowfunctions.o(.ARM.exidx.text.arm_hft90d_f32), (8 bytes).
    Removing windowfunctions.o(.text.arm_hft90d_f64), (832 bytes).
    Removing windowfunctions.o(.ARM.exidx.text.arm_hft90d_f64), (8 bytes).
    Removing windowfunctions.o(.text.arm_hft95_f32), (712 bytes).
    Removing windowfunctions.o(.ARM.exidx.text.arm_hft95_f32), (8 bytes).
    Removing windowfunctions.o(.text.arm_hft95_f64), (832 bytes).
    Removing windowfunctions.o(.ARM.exidx.text.arm_hft95_f64), (8 bytes).
    Removing windowfunctions.o(.text.arm_hft116d_f32), (816 bytes).
    Removing windowfunctions.o(.ARM.exidx.text.arm_hft116d_f32), (8 bytes).
    Removing windowfunctions.o(.text.arm_hft116d_f64), (976 bytes).
    Removing windowfunctions.o(.ARM.exidx.text.arm_hft116d_f64), (8 bytes).
    Removing windowfunctions.o(.text.arm_hft144d_f32), (920 bytes).
    Removing windowfunctions.o(.ARM.exidx.text.arm_hft144d_f32), (8 bytes).
    Removing windowfunctions.o(.text.arm_hft144d_f64), (1128 bytes).
    Removing windowfunctions.o(.ARM.exidx.text.arm_hft144d_f64), (8 bytes).
    Removing windowfunctions.o(.text.arm_hft169d_f32), (1092 bytes).
    Removing windowfunctions.o(.ARM.exidx.text.arm_hft169d_f32), (8 bytes).
    Removing windowfunctions.o(.text.arm_hft169d_f64), (1344 bytes).
    Removing windowfunctions.o(.ARM.exidx.text.arm_hft169d_f64), (8 bytes).
    Removing windowfunctions.o(.text.arm_hft196d_f32), (1284 bytes).
    Removing windowfunctions.o(.ARM.exidx.text.arm_hft196d_f32), (8 bytes).
    Removing windowfunctions.o(.text.arm_hft196d_f64), (1496 bytes).
    Removing windowfunctions.o(.ARM.exidx.text.arm_hft196d_f64), (8 bytes).
    Removing windowfunctions.o(.text.arm_hft223d_f32), (1416 bytes).
    Removing windowfunctions.o(.ARM.exidx.text.arm_hft223d_f32), (8 bytes).
    Removing windowfunctions.o(.text.arm_hft223d_f64), (1656 bytes).
    Removing windowfunctions.o(.ARM.exidx.text.arm_hft223d_f64), (8 bytes).
    Removing windowfunctions.o(.text.arm_hft248d_f32), (1560 bytes).
    Removing windowfunctions.o(.ARM.exidx.text.arm_hft248d_f32), (8 bytes).
    Removing windowfunctions.o(.text.arm_hft248d_f64), (1824 bytes).
    Removing windowfunctions.o(.ARM.exidx.text.arm_hft248d_f64), (8 bytes).
    Removing fpstat.o(.text), (4 bytes).

2528 unused section(s) (total 1397622 bytes) removed from the image.

==============================================================================

Image Symbol Table

    Local Symbols

    Symbol Name                              Value     Ov Type        Size  Object(Section)

    ../clib/microlib/division.c              0x00000000   Number         0  uldiv.o ABSOLUTE
    ../clib/microlib/division.c              0x00000000   Number         0  ldiv.o ABSOLUTE
    ../clib/microlib/errno.c                 0x00000000   Number         0  errno.o ABSOLUTE
    ../clib/microlib/init/entry.s            0x00000000   Number         0  entry.o ABSOLUTE
    ../clib/microlib/init/entry.s            0x00000000   Number         0  entry2.o ABSOLUTE
    ../clib/microlib/init/entry.s            0x00000000   Number         0  entry5.o ABSOLUTE
    ../clib/microlib/init/entry.s            0x00000000   Number         0  entry7a.o ABSOLUTE
    ../clib/microlib/init/entry.s            0x00000000   Number         0  entry7b.o ABSOLUTE
    ../clib/microlib/init/entry.s            0x00000000   Number         0  entry8a.o ABSOLUTE
    ../clib/microlib/init/entry.s            0x00000000   Number         0  entry8b.o ABSOLUTE
    ../clib/microlib/init/entry.s            0x00000000   Number         0  entry9a.o ABSOLUTE
    ../clib/microlib/init/entry.s            0x00000000   Number         0  entry9b.o ABSOLUTE
    ../clib/microlib/init/entry.s            0x00000000   Number         0  entry10a.o ABSOLUTE
    ../clib/microlib/init/entry.s            0x00000000   Number         0  entry10b.o ABSOLUTE
    ../clib/microlib/init/entry.s            0x00000000   Number         0  entry11a.o ABSOLUTE
    ../clib/microlib/init/entry.s            0x00000000   Number         0  entry11b.o ABSOLUTE
    ../clib/microlib/longlong.c              0x00000000   Number         0  llshl.o ABSOLUTE
    ../clib/microlib/longlong.c              0x00000000   Number         0  llushr.o ABSOLUTE
    ../clib/microlib/string/memcpy.c         0x00000000   Number         0  memcpya.o ABSOLUTE
    ../clib/microlib/string/memcpy.c         0x00000000   Number         0  memcpyb.o ABSOLUTE
    ../clib/microlib/string/memset.c         0x00000000   Number         0  memseta.o ABSOLUTE
    ../clib/microlib/stubs.s                 0x00000000   Number         0  iusefp.o ABSOLUTE
    ../fplib/microlib/fpstat.c               0x00000000   Number         0  fpstat.o ABSOLUTE
    ../mathlib/cos.c                         0x00000000   Number         0  cos.o ABSOLUTE
    ../mathlib/cos_i.c                       0x00000000   Number         0  cos_i.o ABSOLUTE
    ../mathlib/cosf.c                        0x00000000   Number         0  cosf.o ABSOLUTE
    ../mathlib/dunder.c                      0x00000000   Number         0  dunder.o ABSOLUTE
    ../mathlib/exp.c                         0x00000000   Number         0  exp.o ABSOLUTE
    ../mathlib/expf.c                        0x00000000   Number         0  expf.o ABSOLUTE
    ../mathlib/fabs.c                        0x00000000   Number         0  fabs.o ABSOLUTE
    ../mathlib/fpclassify.c                  0x00000000   Number         0  fpclassify.o ABSOLUTE
    ../mathlib/fpclassifyf.c                 0x00000000   Number         0  fpclassifyf.o ABSOLUTE
    ../mathlib/funder.c                      0x00000000   Number         0  funder.o ABSOLUTE
    ../mathlib/log.c                         0x00000000   Number         0  log.o ABSOLUTE
    ../mathlib/logf.c                        0x00000000   Number         0  logf.o ABSOLUTE
    ../mathlib/poly.c                        0x00000000   Number         0  poly.o ABSOLUTE
    ../mathlib/powf.c                        0x00000000   Number         0  powf.o ABSOLUTE
    ../mathlib/qnan.c                        0x00000000   Number         0  qnan.o ABSOLUTE
    ../mathlib/rred.c                        0x00000000   Number         0  rred.o ABSOLUTE
    ../mathlib/rredf.c                       0x00000000   Number         0  rredf.o ABSOLUTE
    ../mathlib/sin_i.c                       0x00000000   Number         0  sin_i.o ABSOLUTE
    ../mathlib/tanhf.c                       0x00000000   Number         0  tanhf.o ABSOLUTE
    BasicMathFunctions.c                     0x00000000   Number         0  basicmathfunctions.o ABSOLUTE
    BasicMathFunctionsF16.c                  0x00000000   Number         0  basicmathfunctionsf16.o ABSOLUTE
    BayesFunctions.c                         0x00000000   Number         0  bayesfunctions.o ABSOLUTE
    BayesFunctionsF16.c                      0x00000000   Number         0  bayesfunctionsf16.o ABSOLUTE
    CommonTables.c                           0x00000000   Number         0  commontables.o ABSOLUTE
    CommonTablesF16.c                        0x00000000   Number         0  commontablesf16.o ABSOLUTE
    ComplexMathFunctions.c                   0x00000000   Number         0  complexmathfunctions.o ABSOLUTE
    ComplexMathFunctionsF16.c                0x00000000   Number         0  complexmathfunctionsf16.o ABSOLUTE
    ControllerFunctions.c                    0x00000000   Number         0  controllerfunctions.o ABSOLUTE
    DistanceFunctions.c                      0x00000000   Number         0  distancefunctions.o ABSOLUTE
    DistanceFunctionsF16.c                   0x00000000   Number         0  distancefunctionsf16.o ABSOLUTE
    FastMathFunctions.c                      0x00000000   Number         0  fastmathfunctions.o ABSOLUTE
    FastMathFunctionsF16.c                   0x00000000   Number         0  fastmathfunctionsf16.o ABSOLUTE
    FilteringFunctions.c                     0x00000000   Number         0  filteringfunctions.o ABSOLUTE
    FilteringFunctionsF16.c                  0x00000000   Number         0  filteringfunctionsf16.o ABSOLUTE
    InterpolationFunctions.c                 0x00000000   Number         0  interpolationfunctions.o ABSOLUTE
    InterpolationFunctionsF16.c              0x00000000   Number         0  interpolationfunctionsf16.o ABSOLUTE
    MatrixFunctions.c                        0x00000000   Number         0  matrixfunctions.o ABSOLUTE
    MatrixFunctionsF16.c                     0x00000000   Number         0  matrixfunctionsf16.o ABSOLUTE
    QuaternionMathFunctions.c                0x00000000   Number         0  quaternionmathfunctions.o ABSOLUTE
    SVMFunctions.c                           0x00000000   Number         0  svmfunctions.o ABSOLUTE
    SVMFunctionsF16.c                        0x00000000   Number         0  svmfunctionsf16.o ABSOLUTE
    StatisticsFunctions.c                    0x00000000   Number         0  statisticsfunctions.o ABSOLUTE
    StatisticsFunctionsF16.c                 0x00000000   Number         0  statisticsfunctionsf16.o ABSOLUTE
    SupportFunctions.c                       0x00000000   Number         0  supportfunctions.o ABSOLUTE
    SupportFunctionsF16.c                    0x00000000   Number         0  supportfunctionsf16.o ABSOLUTE
    TransformFunctions.c                     0x00000000   Number         0  transformfunctions.o ABSOLUTE
    TransformFunctionsF16.c                  0x00000000   Number         0  transformfunctionsf16.o ABSOLUTE
    WindowFunctions.c                        0x00000000   Number         0  windowfunctions.o ABSOLUTE
    dc.s                                     0x00000000   Number         0  dc.o ABSOLUTE
    dsp_me.c                                 0x00000000   Number         0  dsp_me.o ABSOLUTE
    filter_me.c                              0x00000000   Number         0  filter_me.o ABSOLUTE
    gpio.c                                   0x00000000   Number         0  gpio.o ABSOLUTE
    handlers.s                               0x00000000   Number         0  handlers.o ABSOLUTE
    init.s                                   0x00000000   Number         0  init.o ABSOLUTE
    main.c                                   0x00000000   Number         0  main.o ABSOLUTE
    memorymap.c                              0x00000000   Number         0  memorymap.o ABSOLUTE
    startup_stm32h750xx.s                    0x00000000   Number         0  startup_stm32h750xx.o ABSOLUTE
    stm32h7xx_hal.c                          0x00000000   Number         0  stm32h7xx_hal.o ABSOLUTE
    stm32h7xx_hal_cortex.c                   0x00000000   Number         0  stm32h7xx_hal_cortex.o ABSOLUTE
    stm32h7xx_hal_dma.c                      0x00000000   Number         0  stm32h7xx_hal_dma.o ABSOLUTE
    stm32h7xx_hal_dma_ex.c                   0x00000000   Number         0  stm32h7xx_hal_dma_ex.o ABSOLUTE
    stm32h7xx_hal_exti.c                     0x00000000   Number         0  stm32h7xx_hal_exti.o ABSOLUTE
    stm32h7xx_hal_flash.c                    0x00000000   Number         0  stm32h7xx_hal_flash.o ABSOLUTE
    stm32h7xx_hal_flash_ex.c                 0x00000000   Number         0  stm32h7xx_hal_flash_ex.o ABSOLUTE
    stm32h7xx_hal_gpio.c                     0x00000000   Number         0  stm32h7xx_hal_gpio.o ABSOLUTE
    stm32h7xx_hal_hsem.c                     0x00000000   Number         0  stm32h7xx_hal_hsem.o ABSOLUTE
    stm32h7xx_hal_i2c.c                      0x00000000   Number         0  stm32h7xx_hal_i2c.o ABSOLUTE
    stm32h7xx_hal_i2c_ex.c                   0x00000000   Number         0  stm32h7xx_hal_i2c_ex.o ABSOLUTE
    stm32h7xx_hal_mdma.c                     0x00000000   Number         0  stm32h7xx_hal_mdma.o ABSOLUTE
    stm32h7xx_hal_msp.c                      0x00000000   Number         0  stm32h7xx_hal_msp.o ABSOLUTE
    stm32h7xx_hal_pwr.c                      0x00000000   Number         0  stm32h7xx_hal_pwr.o ABSOLUTE
    stm32h7xx_hal_pwr_ex.c                   0x00000000   Number         0  stm32h7xx_hal_pwr_ex.o ABSOLUTE
    stm32h7xx_hal_rcc.c                      0x00000000   Number         0  stm32h7xx_hal_rcc.o ABSOLUTE
    stm32h7xx_hal_rcc_ex.c                   0x00000000   Number         0  stm32h7xx_hal_rcc_ex.o ABSOLUTE
    stm32h7xx_it.c                           0x00000000   Number         0  stm32h7xx_it.o ABSOLUTE
    system_stm32h7xx.c                       0x00000000   Number         0  system_stm32h7xx.o ABSOLUTE
    RESET                                    0x00000000   Section      664  startup_stm32h750xx.o(RESET)
    .ARM.Collect$$$$00000000                 0x00000298   Section        0  entry.o(.ARM.Collect$$$$00000000)
    .ARM.Collect$$$$00000001                 0x00000298   Section        4  entry2.o(.ARM.Collect$$$$00000001)
    .ARM.Collect$$$$00000004                 0x0000029c   Section        4  entry5.o(.ARM.Collect$$$$00000004)
    .ARM.Collect$$$$00000008                 0x000002a0   Section        0  entry7b.o(.ARM.Collect$$$$00000008)
    .ARM.Collect$$$$0000000A                 0x000002a0   Section        0  entry8b.o(.ARM.Collect$$$$0000000A)
    .ARM.Collect$$$$0000000B                 0x000002a0   Section        8  entry9a.o(.ARM.Collect$$$$0000000B)
    __lit__00000000                          0x000002a8   Data           4  entry2.o(.ARM.Collect$$$$00002712)
    .ARM.Collect$$$$0000000D                 0x000002a8   Section        0  entry10a.o(.ARM.Collect$$$$0000000D)
    .ARM.Collect$$$$0000000F                 0x000002a8   Section        0  entry11a.o(.ARM.Collect$$$$0000000F)
    .ARM.Collect$$$$00002712                 0x000002a8   Section        4  entry2.o(.ARM.Collect$$$$00002712)
    $v0                                      0x000002ac   Number         0  startup_stm32h750xx.o(.text)
    .text                                    0x000002ac   Section       44  startup_stm32h750xx.o(.text)
    .text                                    0x000002d8   Section        0  memseta.o(.text)
    .text                                    0x000002fc   Section       48  init.o(.text)
    [Anonymous Symbol]                       0x00000330   Section        0  stm32h7xx_it.o(.text.BusFault_Handler)
    [Anonymous Symbol]                       0x00000338   Section        0  stm32h7xx_it.o(.text.DebugMon_Handler)
    [Anonymous Symbol]                       0x00000340   Section        0  system_stm32h7xx.o(.text.ExitRun0Mode)
    [Anonymous Symbol]                       0x00000370   Section        0  stm32h7xx_hal.o(.text.HAL_GetREVID)
    [Anonymous Symbol]                       0x00000380   Section        0  stm32h7xx_hal.o(.text.HAL_GetTick)
    [Anonymous Symbol]                       0x00000390   Section        0  stm32h7xx_hal.o(.text.HAL_IncTick)
    [Anonymous Symbol]                       0x000003b0   Section        0  stm32h7xx_hal.o(.text.HAL_Init)
    [Anonymous Symbol]                       0x00000418   Section        0  stm32h7xx_hal.o(.text.HAL_InitTick)
    [Anonymous Symbol]                       0x00000468   Section        0  stm32h7xx_hal_cortex.o(.text.HAL_MPU_ConfigRegion)
    [Anonymous Symbol]                       0x000004c8   Section        0  stm32h7xx_hal_cortex.o(.text.HAL_MPU_Disable)
    [Anonymous Symbol]                       0x000004e8   Section        0  stm32h7xx_hal_cortex.o(.text.HAL_MPU_Enable)
    [Anonymous Symbol]                       0x00000508   Section        0  stm32h7xx_hal_msp.o(.text.HAL_MspInit)
    [Anonymous Symbol]                       0x00000528   Section        0  stm32h7xx_hal_cortex.o(.text.HAL_NVIC_SetPriority)
    [Anonymous Symbol]                       0x00000588   Section        0  stm32h7xx_hal_cortex.o(.text.HAL_NVIC_SetPriorityGrouping)
    [Anonymous Symbol]                       0x000005a8   Section        0  stm32h7xx_hal_pwr_ex.o(.text.HAL_PWREx_ConfigSupply)
    [Anonymous Symbol]                       0x000005f8   Section        0  stm32h7xx_hal_rcc.o(.text.HAL_RCC_ClockConfig)
    [Anonymous Symbol]                       0x00000850   Section        0  stm32h7xx_hal_rcc.o(.text.HAL_RCC_GetSysClockFreq)
    [Anonymous Symbol]                       0x00000970   Section        0  stm32h7xx_hal_rcc.o(.text.HAL_RCC_OscConfig)
    [Anonymous Symbol]                       0x00000ee0   Section        0  stm32h7xx_hal_cortex.o(.text.HAL_SYSTICK_Config)
    [Anonymous Symbol]                       0x00000f10   Section        0  stm32h7xx_it.o(.text.HardFault_Handler)
    [Anonymous Symbol]                       0x00000f18   Section        0  gpio.o(.text.MX_GPIO_Init)
    [Anonymous Symbol]                       0x00000f50   Section        0  stm32h7xx_it.o(.text.MemManage_Handler)
    [Anonymous Symbol]                       0x00000f58   Section        0  stm32h7xx_it.o(.text.NMI_Handler)
    [Anonymous Symbol]                       0x00000f60   Section        0  stm32h7xx_it.o(.text.PendSV_Handler)
    [Anonymous Symbol]                       0x00000f68   Section        0  stm32h7xx_it.o(.text.SVC_Handler)
    [Anonymous Symbol]                       0x00000f70   Section        0  stm32h7xx_it.o(.text.SysTick_Handler)
    [Anonymous Symbol]                       0x00000f78   Section        0  main.o(.text.SystemClock_Config)
    [Anonymous Symbol]                       0x00001058   Section        0  system_stm32h7xx.o(.text.SystemInit)
    [Anonymous Symbol]                       0x00001148   Section        0  stm32h7xx_it.o(.text.UsageFault_Handler)
    [Anonymous Symbol]                       0x00001150   Section        0  main.o(.text.main)
    i.__scatterload_copy                     0x00001186   Section       14  handlers.o(i.__scatterload_copy)
    i.__scatterload_null                     0x00001194   Section        2  handlers.o(i.__scatterload_null)
    i.__scatterload_zeroinit                 0x00001196   Section       14  handlers.o(i.__scatterload_zeroinit)
    .L_MergedGlobals                         0x20000000   Data           8  stm32h7xx_hal.o(.data..L_MergedGlobals)
    [Anonymous Symbol]                       0x20000000   Section        0  stm32h7xx_hal.o(.data..L_MergedGlobals)
    .L_MergedGlobals                         0x20000008   Data           8  system_stm32h7xx.o(.data..L_MergedGlobals)
    [Anonymous Symbol]                       0x20000008   Section        0  system_stm32h7xx.o(.data..L_MergedGlobals)
    STACK                                    0x20000018   Section     1024  startup_stm32h750xx.o(STACK)

    Global Symbols

    Symbol Name                              Value     Ov Type        Size  Object(Section)

    BuildAttributes$$THM_ISAv4$E$P$D$K$B$S$7EM$VFPv5_D16$PE$PLD8$A:L22UL41UL21$X:L11$S22US41US21$IEEE1$IW$~IW$USESV6$~STKCKD$USESV7$~SHL$OTIME$ROPI$IEEEX$EBA8$MICROLIB$REQ8$PRES8$EABIv2 0x00000000   Number         0  anon$$obj.o ABSOLUTE
    __Vectors                                0x00000000   Data           4  startup_stm32h750xx.o(RESET)
    __cpp_initialize__aeabi_                  - Undefined Weak Reference
    __cxa_finalize                            - Undefined Weak Reference
    __decompress                              - Undefined Weak Reference
    _clock_init                               - Undefined Weak Reference
    _microlib_exit                            - Undefined Weak Reference
    __Vectors_End                            0x00000298   Data           0  startup_stm32h750xx.o(RESET)
    __Vectors_Size                           0x00000298   Number         0  startup_stm32h750xx.o ABSOLUTE
    __main                                   0x00000299   Thumb Code     0  entry.o(.ARM.Collect$$$$00000000)
    _main_stk                                0x00000299   Thumb Code     0  entry2.o(.ARM.Collect$$$$00000001)
    _main_scatterload                        0x0000029d   Thumb Code     0  entry5.o(.ARM.Collect$$$$00000004)
    __main_after_scatterload                 0x000002a1   Thumb Code     0  entry5.o(.ARM.Collect$$$$00000004)
    _main_clock                              0x000002a1   Thumb Code     0  entry7b.o(.ARM.Collect$$$$00000008)
    _main_cpp_init                           0x000002a1   Thumb Code     0  entry8b.o(.ARM.Collect$$$$0000000A)
    _main_init                               0x000002a1   Thumb Code     0  entry9a.o(.ARM.Collect$$$$0000000B)
    __rt_final_cpp                           0x000002a9   Thumb Code     0  entry10a.o(.ARM.Collect$$$$0000000D)
    __rt_final_exit                          0x000002a9   Thumb Code     0  entry11a.o(.ARM.Collect$$$$0000000F)
    Reset_Handler                            0x000002ad   Thumb Code    12  startup_stm32h750xx.o(.text)
    ADC3_IRQHandler                          0x000002cb   Thumb Code     0  startup_stm32h750xx.o(.text)
    ADC_IRQHandler                           0x000002cb   Thumb Code     0  startup_stm32h750xx.o(.text)
    BDMA_Channel0_IRQHandler                 0x000002cb   Thumb Code     0  startup_stm32h750xx.o(.text)
    BDMA_Channel1_IRQHandler                 0x000002cb   Thumb Code     0  startup_stm32h750xx.o(.text)
    BDMA_Channel2_IRQHandler                 0x000002cb   Thumb Code     0  startup_stm32h750xx.o(.text)
    BDMA_Channel3_IRQHandler                 0x000002cb   Thumb Code     0  startup_stm32h750xx.o(.text)
    BDMA_Channel4_IRQHandler                 0x000002cb   Thumb Code     0  startup_stm32h750xx.o(.text)
    BDMA_Channel5_IRQHandler                 0x000002cb   Thumb Code     0  startup_stm32h750xx.o(.text)
    BDMA_Channel6_IRQHandler                 0x000002cb   Thumb Code     0  startup_stm32h750xx.o(.text)
    BDMA_Channel7_IRQHandler                 0x000002cb   Thumb Code     0  startup_stm32h750xx.o(.text)
    CEC_IRQHandler                           0x000002cb   Thumb Code     0  startup_stm32h750xx.o(.text)
    COMP1_IRQHandler                         0x000002cb   Thumb Code     0  startup_stm32h750xx.o(.text)
    CRS_IRQHandler                           0x000002cb   Thumb Code     0  startup_stm32h750xx.o(.text)
    CRYP_IRQHandler                          0x000002cb   Thumb Code     0  startup_stm32h750xx.o(.text)
    DCMI_IRQHandler                          0x000002cb   Thumb Code     0  startup_stm32h750xx.o(.text)
    DFSDM1_FLT0_IRQHandler                   0x000002cb   Thumb Code     0  startup_stm32h750xx.o(.text)
    DFSDM1_FLT1_IRQHandler                   0x000002cb   Thumb Code     0  startup_stm32h750xx.o(.text)
    DFSDM1_FLT2_IRQHandler                   0x000002cb   Thumb Code     0  startup_stm32h750xx.o(.text)
    DFSDM1_FLT3_IRQHandler                   0x000002cb   Thumb Code     0  startup_stm32h750xx.o(.text)
    DMA1_Stream0_IRQHandler                  0x000002cb   Thumb Code     0  startup_stm32h750xx.o(.text)
    DMA1_Stream1_IRQHandler                  0x000002cb   Thumb Code     0  startup_stm32h750xx.o(.text)
    DMA1_Stream2_IRQHandler                  0x000002cb   Thumb Code     0  startup_stm32h750xx.o(.text)
    DMA1_Stream3_IRQHandler                  0x000002cb   Thumb Code     0  startup_stm32h750xx.o(.text)
    DMA1_Stream4_IRQHandler                  0x000002cb   Thumb Code     0  startup_stm32h750xx.o(.text)
    DMA1_Stream5_IRQHandler                  0x000002cb   Thumb Code     0  startup_stm32h750xx.o(.text)
    DMA1_Stream6_IRQHandler                  0x000002cb   Thumb Code     0  startup_stm32h750xx.o(.text)
    DMA1_Stream7_IRQHandler                  0x000002cb   Thumb Code     0  startup_stm32h750xx.o(.text)
    DMA2D_IRQHandler                         0x000002cb   Thumb Code     0  startup_stm32h750xx.o(.text)
    DMA2_Stream0_IRQHandler                  0x000002cb   Thumb Code     0  startup_stm32h750xx.o(.text)
    DMA2_Stream1_IRQHandler                  0x000002cb   Thumb Code     0  startup_stm32h750xx.o(.text)
    DMA2_Stream2_IRQHandler                  0x000002cb   Thumb Code     0  startup_stm32h750xx.o(.text)
    DMA2_Stream3_IRQHandler                  0x000002cb   Thumb Code     0  startup_stm32h750xx.o(.text)
    DMA2_Stream4_IRQHandler                  0x000002cb   Thumb Code     0  startup_stm32h750xx.o(.text)
    DMA2_Stream5_IRQHandler                  0x000002cb   Thumb Code     0  startup_stm32h750xx.o(.text)
    DMA2_Stream6_IRQHandler                  0x000002cb   Thumb Code     0  startup_stm32h750xx.o(.text)
    DMA2_Stream7_IRQHandler                  0x000002cb   Thumb Code     0  startup_stm32h750xx.o(.text)
    DMAMUX1_OVR_IRQHandler                   0x000002cb   Thumb Code     0  startup_stm32h750xx.o(.text)
    DMAMUX2_OVR_IRQHandler                   0x000002cb   Thumb Code     0  startup_stm32h750xx.o(.text)
    ECC_IRQHandler                           0x000002cb   Thumb Code     0  startup_stm32h750xx.o(.text)
    ETH_IRQHandler                           0x000002cb   Thumb Code     0  startup_stm32h750xx.o(.text)
    ETH_WKUP_IRQHandler                      0x000002cb   Thumb Code     0  startup_stm32h750xx.o(.text)
    EXTI0_IRQHandler                         0x000002cb   Thumb Code     0  startup_stm32h750xx.o(.text)
    EXTI15_10_IRQHandler                     0x000002cb   Thumb Code     0  startup_stm32h750xx.o(.text)
    EXTI1_IRQHandler                         0x000002cb   Thumb Code     0  startup_stm32h750xx.o(.text)
    EXTI2_IRQHandler                         0x000002cb   Thumb Code     0  startup_stm32h750xx.o(.text)
    EXTI3_IRQHandler                         0x000002cb   Thumb Code     0  startup_stm32h750xx.o(.text)
    EXTI4_IRQHandler                         0x000002cb   Thumb Code     0  startup_stm32h750xx.o(.text)
    EXTI9_5_IRQHandler                       0x000002cb   Thumb Code     0  startup_stm32h750xx.o(.text)
    FDCAN1_IT0_IRQHandler                    0x000002cb   Thumb Code     0  startup_stm32h750xx.o(.text)
    FDCAN1_IT1_IRQHandler                    0x000002cb   Thumb Code     0  startup_stm32h750xx.o(.text)
    FDCAN2_IT0_IRQHandler                    0x000002cb   Thumb Code     0  startup_stm32h750xx.o(.text)
    FDCAN2_IT1_IRQHandler                    0x000002cb   Thumb Code     0  startup_stm32h750xx.o(.text)
    FDCAN_CAL_IRQHandler                     0x000002cb   Thumb Code     0  startup_stm32h750xx.o(.text)
    FLASH_IRQHandler                         0x000002cb   Thumb Code     0  startup_stm32h750xx.o(.text)
    FMC_IRQHandler                           0x000002cb   Thumb Code     0  startup_stm32h750xx.o(.text)
    FPU_IRQHandler                           0x000002cb   Thumb Code     0  startup_stm32h750xx.o(.text)
    HASH_RNG_IRQHandler                      0x000002cb   Thumb Code     0  startup_stm32h750xx.o(.text)
    HRTIM1_FLT_IRQHandler                    0x000002cb   Thumb Code     0  startup_stm32h750xx.o(.text)
    HRTIM1_Master_IRQHandler                 0x000002cb   Thumb Code     0  startup_stm32h750xx.o(.text)
    HRTIM1_TIMA_IRQHandler                   0x000002cb   Thumb Code     0  startup_stm32h750xx.o(.text)
    HRTIM1_TIMB_IRQHandler                   0x000002cb   Thumb Code     0  startup_stm32h750xx.o(.text)
    HRTIM1_TIMC_IRQHandler                   0x000002cb   Thumb Code     0  startup_stm32h750xx.o(.text)
    HRTIM1_TIMD_IRQHandler                   0x000002cb   Thumb Code     0  startup_stm32h750xx.o(.text)
    HRTIM1_TIME_IRQHandler                   0x000002cb   Thumb Code     0  startup_stm32h750xx.o(.text)
    HSEM1_IRQHandler                         0x000002cb   Thumb Code     0  startup_stm32h750xx.o(.text)
    I2C1_ER_IRQHandler                       0x000002cb   Thumb Code     0  startup_stm32h750xx.o(.text)
    I2C1_EV_IRQHandler                       0x000002cb   Thumb Code     0  startup_stm32h750xx.o(.text)
    I2C2_ER_IRQHandler                       0x000002cb   Thumb Code     0  startup_stm32h750xx.o(.text)
    I2C2_EV_IRQHandler                       0x000002cb   Thumb Code     0  startup_stm32h750xx.o(.text)
    I2C3_ER_IRQHandler                       0x000002cb   Thumb Code     0  startup_stm32h750xx.o(.text)
    I2C3_EV_IRQHandler                       0x000002cb   Thumb Code     0  startup_stm32h750xx.o(.text)
    I2C4_ER_IRQHandler                       0x000002cb   Thumb Code     0  startup_stm32h750xx.o(.text)
    I2C4_EV_IRQHandler                       0x000002cb   Thumb Code     0  startup_stm32h750xx.o(.text)
    JPEG_IRQHandler                          0x000002cb   Thumb Code     0  startup_stm32h750xx.o(.text)
    LPTIM1_IRQHandler                        0x000002cb   Thumb Code     0  startup_stm32h750xx.o(.text)
    LPTIM2_IRQHandler                        0x000002cb   Thumb Code     0  startup_stm32h750xx.o(.text)
    LPTIM3_IRQHandler                        0x000002cb   Thumb Code     0  startup_stm32h750xx.o(.text)
    LPTIM4_IRQHandler                        0x000002cb   Thumb Code     0  startup_stm32h750xx.o(.text)
    LPTIM5_IRQHandler                        0x000002cb   Thumb Code     0  startup_stm32h750xx.o(.text)
    LPUART1_IRQHandler                       0x000002cb   Thumb Code     0  startup_stm32h750xx.o(.text)
    LTDC_ER_IRQHandler                       0x000002cb   Thumb Code     0  startup_stm32h750xx.o(.text)
    LTDC_IRQHandler                          0x000002cb   Thumb Code     0  startup_stm32h750xx.o(.text)
    MDIOS_IRQHandler                         0x000002cb   Thumb Code     0  startup_stm32h750xx.o(.text)
    MDIOS_WKUP_IRQHandler                    0x000002cb   Thumb Code     0  startup_stm32h750xx.o(.text)
    MDMA_IRQHandler                          0x000002cb   Thumb Code     0  startup_stm32h750xx.o(.text)
    OTG_FS_EP1_IN_IRQHandler                 0x000002cb   Thumb Code     0  startup_stm32h750xx.o(.text)
    OTG_FS_EP1_OUT_IRQHandler                0x000002cb   Thumb Code     0  startup_stm32h750xx.o(.text)
    OTG_FS_IRQHandler                        0x000002cb   Thumb Code     0  startup_stm32h750xx.o(.text)
    OTG_FS_WKUP_IRQHandler                   0x000002cb   Thumb Code     0  startup_stm32h750xx.o(.text)
    OTG_HS_EP1_IN_IRQHandler                 0x000002cb   Thumb Code     0  startup_stm32h750xx.o(.text)
    OTG_HS_EP1_OUT_IRQHandler                0x000002cb   Thumb Code     0  startup_stm32h750xx.o(.text)
    OTG_HS_IRQHandler                        0x000002cb   Thumb Code     0  startup_stm32h750xx.o(.text)
    OTG_HS_WKUP_IRQHandler                   0x000002cb   Thumb Code     0  startup_stm32h750xx.o(.text)
    PVD_AVD_IRQHandler                       0x000002cb   Thumb Code     0  startup_stm32h750xx.o(.text)
    QUADSPI_IRQHandler                       0x000002cb   Thumb Code     0  startup_stm32h750xx.o(.text)
    RCC_IRQHandler                           0x000002cb   Thumb Code     0  startup_stm32h750xx.o(.text)
    RTC_Alarm_IRQHandler                     0x000002cb   Thumb Code     0  startup_stm32h750xx.o(.text)
    RTC_WKUP_IRQHandler                      0x000002cb   Thumb Code     0  startup_stm32h750xx.o(.text)
    SAI1_IRQHandler                          0x000002cb   Thumb Code     0  startup_stm32h750xx.o(.text)
    SAI2_IRQHandler                          0x000002cb   Thumb Code     0  startup_stm32h750xx.o(.text)
    SAI3_IRQHandler                          0x000002cb   Thumb Code     0  startup_stm32h750xx.o(.text)
    SAI4_IRQHandler                          0x000002cb   Thumb Code     0  startup_stm32h750xx.o(.text)
    SDMMC1_IRQHandler                        0x000002cb   Thumb Code     0  startup_stm32h750xx.o(.text)
    SDMMC2_IRQHandler                        0x000002cb   Thumb Code     0  startup_stm32h750xx.o(.text)
    SPDIF_RX_IRQHandler                      0x000002cb   Thumb Code     0  startup_stm32h750xx.o(.text)
    SPI1_IRQHandler                          0x000002cb   Thumb Code     0  startup_stm32h750xx.o(.text)
    SPI2_IRQHandler                          0x000002cb   Thumb Code     0  startup_stm32h750xx.o(.text)
    SPI3_IRQHandler                          0x000002cb   Thumb Code     0  startup_stm32h750xx.o(.text)
    SPI4_IRQHandler                          0x000002cb   Thumb Code     0  startup_stm32h750xx.o(.text)
    SPI5_IRQHandler                          0x000002cb   Thumb Code     0  startup_stm32h750xx.o(.text)
    SPI6_IRQHandler                          0x000002cb   Thumb Code     0  startup_stm32h750xx.o(.text)
    SWPMI1_IRQHandler                        0x000002cb   Thumb Code     0  startup_stm32h750xx.o(.text)
    TAMP_STAMP_IRQHandler                    0x000002cb   Thumb Code     0  startup_stm32h750xx.o(.text)
    TIM15_IRQHandler                         0x000002cb   Thumb Code     0  startup_stm32h750xx.o(.text)
    TIM16_IRQHandler                         0x000002cb   Thumb Code     0  startup_stm32h750xx.o(.text)
    TIM17_IRQHandler                         0x000002cb   Thumb Code     0  startup_stm32h750xx.o(.text)
    TIM1_BRK_IRQHandler                      0x000002cb   Thumb Code     0  startup_stm32h750xx.o(.text)
    TIM1_CC_IRQHandler                       0x000002cb   Thumb Code     0  startup_stm32h750xx.o(.text)
    TIM1_TRG_COM_IRQHandler                  0x000002cb   Thumb Code     0  startup_stm32h750xx.o(.text)
    TIM1_UP_IRQHandler                       0x000002cb   Thumb Code     0  startup_stm32h750xx.o(.text)
    TIM2_IRQHandler                          0x000002cb   Thumb Code     0  startup_stm32h750xx.o(.text)
    TIM3_IRQHandler                          0x000002cb   Thumb Code     0  startup_stm32h750xx.o(.text)
    TIM4_IRQHandler                          0x000002cb   Thumb Code     0  startup_stm32h750xx.o(.text)
    TIM5_IRQHandler                          0x000002cb   Thumb Code     0  startup_stm32h750xx.o(.text)
    TIM6_DAC_IRQHandler                      0x000002cb   Thumb Code     0  startup_stm32h750xx.o(.text)
    TIM7_IRQHandler                          0x000002cb   Thumb Code     0  startup_stm32h750xx.o(.text)
    TIM8_BRK_TIM12_IRQHandler                0x000002cb   Thumb Code     0  startup_stm32h750xx.o(.text)
    TIM8_CC_IRQHandler                       0x000002cb   Thumb Code     0  startup_stm32h750xx.o(.text)
    TIM8_TRG_COM_TIM14_IRQHandler            0x000002cb   Thumb Code     0  startup_stm32h750xx.o(.text)
    TIM8_UP_TIM13_IRQHandler                 0x000002cb   Thumb Code     0  startup_stm32h750xx.o(.text)
    UART4_IRQHandler                         0x000002cb   Thumb Code     0  startup_stm32h750xx.o(.text)
    UART5_IRQHandler                         0x000002cb   Thumb Code     0  startup_stm32h750xx.o(.text)
    UART7_IRQHandler                         0x000002cb   Thumb Code     0  startup_stm32h750xx.o(.text)
    UART8_IRQHandler                         0x000002cb   Thumb Code     0  startup_stm32h750xx.o(.text)
    USART1_IRQHandler                        0x000002cb   Thumb Code     0  startup_stm32h750xx.o(.text)
    USART2_IRQHandler                        0x000002cb   Thumb Code     0  startup_stm32h750xx.o(.text)
    USART3_IRQHandler                        0x000002cb   Thumb Code     0  startup_stm32h750xx.o(.text)
    USART6_IRQHandler                        0x000002cb   Thumb Code     0  startup_stm32h750xx.o(.text)
    WAKEUP_PIN_IRQHandler                    0x000002cb   Thumb Code     0  startup_stm32h750xx.o(.text)
    WWDG_IRQHandler                          0x000002cb   Thumb Code     0  startup_stm32h750xx.o(.text)
    __aeabi_memset                           0x000002d9   Thumb Code    14  memseta.o(.text)
    __aeabi_memset4                          0x000002d9   Thumb Code     0  memseta.o(.text)
    __aeabi_memset8                          0x000002d9   Thumb Code     0  memseta.o(.text)
    __aeabi_memclr                           0x000002e7   Thumb Code     4  memseta.o(.text)
    __aeabi_memclr4                          0x000002e7   Thumb Code     0  memseta.o(.text)
    __aeabi_memclr8                          0x000002e7   Thumb Code     0  memseta.o(.text)
    _memset$wrapper                          0x000002eb   Thumb Code    18  memseta.o(.text)
    __scatterload                            0x000002fd   Thumb Code    38  init.o(.text)
    __scatterload_rt2                        0x000002fd   Thumb Code     0  init.o(.text)
    BusFault_Handler                         0x00000331   Thumb Code     2  stm32h7xx_it.o(.text.BusFault_Handler)
    DebugMon_Handler                         0x00000339   Thumb Code     2  stm32h7xx_it.o(.text.DebugMon_Handler)
    ExitRun0Mode                             0x00000341   Thumb Code    44  system_stm32h7xx.o(.text.ExitRun0Mode)
    HAL_GetREVID                             0x00000371   Thumb Code    14  stm32h7xx_hal.o(.text.HAL_GetREVID)
    HAL_GetTick                              0x00000381   Thumb Code    12  stm32h7xx_hal.o(.text.HAL_GetTick)
    HAL_IncTick                              0x00000391   Thumb Code    26  stm32h7xx_hal.o(.text.HAL_IncTick)
    HAL_Init                                 0x000003b1   Thumb Code   100  stm32h7xx_hal.o(.text.HAL_Init)
    HAL_InitTick                             0x00000419   Thumb Code    80  stm32h7xx_hal.o(.text.HAL_InitTick)
    HAL_MPU_ConfigRegion                     0x00000469   Thumb Code    94  stm32h7xx_hal_cortex.o(.text.HAL_MPU_ConfigRegion)
    HAL_MPU_Disable                          0x000004c9   Thumb Code    26  stm32h7xx_hal_cortex.o(.text.HAL_MPU_Disable)
    HAL_MPU_Enable                           0x000004e9   Thumb Code    32  stm32h7xx_hal_cortex.o(.text.HAL_MPU_Enable)
    HAL_MspInit                              0x00000509   Thumb Code    32  stm32h7xx_hal_msp.o(.text.HAL_MspInit)
    HAL_NVIC_SetPriority                     0x00000529   Thumb Code    90  stm32h7xx_hal_cortex.o(.text.HAL_NVIC_SetPriority)
    HAL_NVIC_SetPriorityGrouping             0x00000589   Thumb Code    32  stm32h7xx_hal_cortex.o(.text.HAL_NVIC_SetPriorityGrouping)
    HAL_PWREx_ConfigSupply                   0x000005a9   Thumb Code    76  stm32h7xx_hal_pwr_ex.o(.text.HAL_PWREx_ConfigSupply)
    HAL_RCC_ClockConfig                      0x000005f9   Thumb Code   596  stm32h7xx_hal_rcc.o(.text.HAL_RCC_ClockConfig)
    HAL_RCC_GetSysClockFreq                  0x00000851   Thumb Code   264  stm32h7xx_hal_rcc.o(.text.HAL_RCC_GetSysClockFreq)
    HAL_RCC_OscConfig                        0x00000971   Thumb Code  1388  stm32h7xx_hal_rcc.o(.text.HAL_RCC_OscConfig)
    HAL_SYSTICK_Config                       0x00000ee1   Thumb Code    46  stm32h7xx_hal_cortex.o(.text.HAL_SYSTICK_Config)
    HardFault_Handler                        0x00000f11   Thumb Code     2  stm32h7xx_it.o(.text.HardFault_Handler)
    MX_GPIO_Init                             0x00000f19   Thumb Code    50  gpio.o(.text.MX_GPIO_Init)
    MemManage_Handler                        0x00000f51   Thumb Code     2  stm32h7xx_it.o(.text.MemManage_Handler)
    NMI_Handler                              0x00000f59   Thumb Code     2  stm32h7xx_it.o(.text.NMI_Handler)
    PendSV_Handler                           0x00000f61   Thumb Code     2  stm32h7xx_it.o(.text.PendSV_Handler)
    SVC_Handler                              0x00000f69   Thumb Code     2  stm32h7xx_it.o(.text.SVC_Handler)
    SysTick_Handler                          0x00000f71   Thumb Code     4  stm32h7xx_it.o(.text.SysTick_Handler)
    SystemClock_Config                       0x00000f79   Thumb Code   224  main.o(.text.SystemClock_Config)
    SystemInit                               0x00001059   Thumb Code   238  system_stm32h7xx.o(.text.SystemInit)
    UsageFault_Handler                       0x00001149   Thumb Code     2  stm32h7xx_it.o(.text.UsageFault_Handler)
    main                                     0x00001151   Thumb Code    54  main.o(.text.main)
    __scatterload_copy                       0x00001187   Thumb Code    14  handlers.o(i.__scatterload_copy)
    __scatterload_null                       0x00001195   Thumb Code     2  handlers.o(i.__scatterload_null)
    __scatterload_zeroinit                   0x00001197   Thumb Code    14  handlers.o(i.__scatterload_zeroinit)
    D1CorePrescTable                         0x000011a4   Data          16  system_stm32h7xx.o(.rodata.D1CorePrescTable)
    Region$$Table$$Base                      0x000011b4   Number         0  anon$$obj.o(Region$$Table)
    Region$$Table$$Limit                     0x000011d4   Number         0  anon$$obj.o(Region$$Table)
    uwTickFreq                               0x20000000   Data           1  stm32h7xx_hal.o(.data..L_MergedGlobals)
    uwTickPrio                               0x20000004   Data           4  stm32h7xx_hal.o(.data..L_MergedGlobals)
    SystemCoreClock                          0x20000008   Data           4  system_stm32h7xx.o(.data..L_MergedGlobals)
    SystemD2Clock                            0x2000000c   Data           4  system_stm32h7xx.o(.data..L_MergedGlobals)
    uwTick                                   0x20000010   Data           4  stm32h7xx_hal.o(.bss.uwTick)
    __initial_sp                             0x20000418   Data           0  startup_stm32h750xx.o(STACK)



==============================================================================

Memory Map of the image

  Image Entry point : 0x00000299

  Load Region LR_IROM1 (Base: 0x00000000, Size: 0x000011e8, Max: 0x00040000, ABSOLUTE)

    Execution Region ER_IROM1 (Exec base: 0x00000000, Load base: 0x00000000, Size: 0x000011d4, Max: 0x00040000, ABSOLUTE)

    Exec Addr    Load Addr    Size         Type   Attr      Idx    E Section Name        Object

    0x00000000   0x00000000   0x00000298   Data   RO            3    RESET               startup_stm32h750xx.o
    0x00000298   0x00000298   0x00000000   Code   RO         2967  * .ARM.Collect$$$$00000000  mc_w.l(entry.o)
    0x00000298   0x00000298   0x00000004   Code   RO         3029    .ARM.Collect$$$$00000001  mc_w.l(entry2.o)
    0x0000029c   0x0000029c   0x00000004   Code   RO         3032    .ARM.Collect$$$$00000004  mc_w.l(entry5.o)
    0x000002a0   0x000002a0   0x00000000   Code   RO         3034    .ARM.Collect$$$$00000008  mc_w.l(entry7b.o)
    0x000002a0   0x000002a0   0x00000000   Code   RO         3036    .ARM.Collect$$$$0000000A  mc_w.l(entry8b.o)
    0x000002a0   0x000002a0   0x00000008   Code   RO         3037    .ARM.Collect$$$$0000000B  mc_w.l(entry9a.o)
    0x000002a8   0x000002a8   0x00000000   Code   RO         3039    .ARM.Collect$$$$0000000D  mc_w.l(entry10a.o)
    0x000002a8   0x000002a8   0x00000000   Code   RO         3041    .ARM.Collect$$$$0000000F  mc_w.l(entry11a.o)
    0x000002a8   0x000002a8   0x00000004   Code   RO         3030    .ARM.Collect$$$$00002712  mc_w.l(entry2.o)
    0x000002ac   0x000002ac   0x0000002c   Code   RO            4    .text               startup_stm32h750xx.o
    0x000002d8   0x000002d8   0x00000024   Code   RO         2976    .text               mc_w.l(memseta.o)
    0x000002fc   0x000002fc   0x00000030   Code   RO         3063    .text               mc_w.l(init.o)
    0x0000032c   0x0000032c   0x00000004   PAD
    0x00000330   0x00000330   0x00000002   Code   RO           41    .text.BusFault_Handler  stm32h7xx_it.o
    0x00000332   0x00000332   0x00000006   PAD
    0x00000338   0x00000338   0x00000002   Code   RO           47    .text.DebugMon_Handler  stm32h7xx_it.o
    0x0000033a   0x0000033a   0x00000006   PAD
    0x00000340   0x00000340   0x0000002c   Code   RO          883    .text.ExitRun0Mode  system_stm32h7xx.o
    0x0000036c   0x0000036c   0x00000004   PAD
    0x00000370   0x00000370   0x0000000e   Code   RO          601    .text.HAL_GetREVID  stm32h7xx_hal.o
    0x0000037e   0x0000037e   0x00000002   PAD
    0x00000380   0x00000380   0x0000000c   Code   RO          585    .text.HAL_GetTick   stm32h7xx_hal.o
    0x0000038c   0x0000038c   0x00000004   PAD
    0x00000390   0x00000390   0x0000001a   Code   RO          583    .text.HAL_IncTick   stm32h7xx_hal.o
    0x000003aa   0x000003aa   0x00000006   PAD
    0x000003b0   0x000003b0   0x00000064   Code   RO          573    .text.HAL_Init      stm32h7xx_hal.o
    0x00000414   0x00000414   0x00000004   PAD
    0x00000418   0x00000418   0x00000050   Code   RO          575    .text.HAL_InitTick  stm32h7xx_hal.o
    0x00000468   0x00000468   0x0000005e   Code   RO           90    .text.HAL_MPU_ConfigRegion  stm32h7xx_hal_cortex.o
    0x000004c6   0x000004c6   0x00000002   PAD
    0x000004c8   0x000004c8   0x0000001a   Code   RO           82    .text.HAL_MPU_Disable  stm32h7xx_hal_cortex.o
    0x000004e2   0x000004e2   0x00000006   PAD
    0x000004e8   0x000004e8   0x00000020   Code   RO           84    .text.HAL_MPU_Enable  stm32h7xx_hal_cortex.o
    0x00000508   0x00000508   0x00000020   Code   RO           60    .text.HAL_MspInit   stm32h7xx_hal_msp.o
    0x00000528   0x00000528   0x0000005a   Code   RO           70    .text.HAL_NVIC_SetPriority  stm32h7xx_hal_cortex.o
    0x00000582   0x00000582   0x00000006   PAD
    0x00000588   0x00000588   0x00000020   Code   RO           68    .text.HAL_NVIC_SetPriorityGrouping  stm32h7xx_hal_cortex.o
    0x000005a8   0x000005a8   0x0000004c   Code   RO          485    .text.HAL_PWREx_ConfigSupply  stm32h7xx_hal_pwr_ex.o
    0x000005f4   0x000005f4   0x00000004   PAD
    0x000005f8   0x000005f8   0x00000254   Code   RO          124    .text.HAL_RCC_ClockConfig  stm32h7xx_hal_rcc.o
    0x0000084c   0x0000084c   0x00000004   PAD
    0x00000850   0x00000850   0x0000011c   Code   RO          126    .text.HAL_RCC_GetSysClockFreq  stm32h7xx_hal_rcc.o
    0x0000096c   0x0000096c   0x00000004   PAD
    0x00000970   0x00000970   0x0000056c   Code   RO          122    .text.HAL_RCC_OscConfig  stm32h7xx_hal_rcc.o
    0x00000edc   0x00000edc   0x00000004   PAD
    0x00000ee0   0x00000ee0   0x0000002e   Code   RO           80    .text.HAL_SYSTICK_Config  stm32h7xx_hal_cortex.o
    0x00000f0e   0x00000f0e   0x00000002   PAD
    0x00000f10   0x00000f10   0x00000002   Code   RO           37    .text.HardFault_Handler  stm32h7xx_it.o
    0x00000f12   0x00000f12   0x00000006   PAD
    0x00000f18   0x00000f18   0x00000032   Code   RO           26    .text.MX_GPIO_Init  gpio.o
    0x00000f4a   0x00000f4a   0x00000006   PAD
    0x00000f50   0x00000f50   0x00000002   Code   RO           39    .text.MemManage_Handler  stm32h7xx_it.o
    0x00000f52   0x00000f52   0x00000006   PAD
    0x00000f58   0x00000f58   0x00000002   Code   RO           35    .text.NMI_Handler   stm32h7xx_it.o
    0x00000f5a   0x00000f5a   0x00000006   PAD
    0x00000f60   0x00000f60   0x00000002   Code   RO           49    .text.PendSV_Handler  stm32h7xx_it.o
    0x00000f62   0x00000f62   0x00000006   PAD
    0x00000f68   0x00000f68   0x00000002   Code   RO           45    .text.SVC_Handler   stm32h7xx_it.o
    0x00000f6a   0x00000f6a   0x00000006   PAD
    0x00000f70   0x00000f70   0x00000004   Code   RO           51    .text.SysTick_Handler  stm32h7xx_it.o
    0x00000f74   0x00000f74   0x00000004   PAD
    0x00000f78   0x00000f78   0x000000e0   Code   RO           13    .text.SystemClock_Config  main.o
    0x00001058   0x00001058   0x000000ee   Code   RO          879    .text.SystemInit    system_stm32h7xx.o
    0x00001146   0x00001146   0x00000002   PAD
    0x00001148   0x00001148   0x00000002   Code   RO           43    .text.UsageFault_Handler  stm32h7xx_it.o
    0x0000114a   0x0000114a   0x00000006   PAD
    0x00001150   0x00001150   0x00000036   Code   RO           11    .text.main          main.o
    0x00001186   0x00001186   0x0000000e   Code   RO         3067    i.__scatterload_copy  mc_w.l(handlers.o)
    0x00001194   0x00001194   0x00000002   Code   RO         3068    i.__scatterload_null  mc_w.l(handlers.o)
    0x00001196   0x00001196   0x0000000e   Code   RO         3069    i.__scatterload_zeroinit  mc_w.l(handlers.o)
    0x000011a4   0x000011a4   0x00000010   Data   RO          885    .rodata.D1CorePrescTable  system_stm32h7xx.o
    0x000011b4   0x000011b4   0x00000020   Data   RO         3066    Region$$Table       anon$$obj.o


    Execution Region RW_IRAM1 (Exec base: 0x20000000, Load base: 0x000011d8, Size: 0x00000418, Max: 0x00020000, ABSOLUTE)

    Exec Addr    Load Addr    Size         Type   Attr      Idx    E Section Name        Object

    0x20000000   0x000011d8   0x00000008   Data   RW          670    .data..L_MergedGlobals  stm32h7xx_hal.o
    0x20000008   0x000011e0   0x00000008   Data   RW          886    .data..L_MergedGlobals  system_stm32h7xx.o
    0x20000010        -       0x00000004   Zero   RW          669    .bss.uwTick         stm32h7xx_hal.o
    0x20000014   0x000011e8   0x00000004   PAD
    0x20000018        -       0x00000400   Zero   RW            1    STACK               startup_stm32h750xx.o


==============================================================================

Image component sizes


      Code (inc. data)   RO Data    RW Data    ZI Data      Debug   Object Name

        50          0          0          0          0       2224   gpio.o
       278          0          0          0          0       3859   main.o
        44         12        664          0       1024        832   startup_stm32h750xx.o
       232          0          0          8          4      15101   stm32h7xx_hal.o
       320          0          0          0          0      12517   stm32h7xx_hal_cortex.o
        32          0          0          0          0       2223   stm32h7xx_hal_msp.o
        76          0          0          0          0      10802   stm32h7xx_hal_pwr_ex.o
      2268         24          0          0          0      12034   stm32h7xx_hal_rcc.o
        20          0          0          0          0       1147   stm32h7xx_it.o
       282          0         16          8          0       6235   system_stm32h7xx.o

    ----------------------------------------------------------------------
      3714         40        712         16       1032      66974   Object Totals
         0          0         32          0          0          0   (incl. Generated)
       112          4          0          0          4          0   (incl. Padding)

    ----------------------------------------------------------------------

      Code (inc. data)   RO Data    RW Data    ZI Data      Debug   Library Member Name

         0          0          0          0          0          0   entry.o
         0          0          0          0          0          0   entry10a.o
         0          0          0          0          0          0   entry11a.o
         8          4          0          0          0          0   entry2.o
         4          0          0          0          0          0   entry5.o
         0          0          0          0          0          0   entry7b.o
         0          0          0          0          0          0   entry8b.o
         8          4          0          0          0          0   entry9a.o
        30          0          0          0          0          0   handlers.o
        48         10          0          0          0         68   init.o
        36          0          0          0          0        108   memseta.o

    ----------------------------------------------------------------------
       138         22          0          0          0        176   Library Totals
         4          4          0          0          0          0   (incl. Padding)

    ----------------------------------------------------------------------

      Code (inc. data)   RO Data    RW Data    ZI Data      Debug   Library Name

       134         18          0          0          0        176   mc_w.l

    ----------------------------------------------------------------------
       138         22          0          0          0        176   Library Totals

    ----------------------------------------------------------------------

==============================================================================


      Code (inc. data)   RO Data    RW Data    ZI Data      Debug   

      3852         62        712         16       1032      67194   Grand Totals
      3852         62        712         16       1032      67194   ELF Image Totals
      3852         62        712         16          0          0   ROM Totals

==============================================================================

    Total RO  Size (Code + RO Data)                 4564 (   4.46kB)
    Total RW  Size (RW Data + ZI Data)              1048 (   1.02kB)
    Total ROM Size (Code + RO Data + RW Data)       4580 (   4.47kB)

==============================================================================

